Archive member included because of file (symbol)

c:/program files (x86)/atmel/avr tools/avr toolchain/bin/../lib/gcc/avr/4.5.1/avr4\libgcc.a(_mulsi3.o)
                              Li-ionTester.o (__mulsi3)
c:/program files (x86)/atmel/avr tools/avr toolchain/bin/../lib/gcc/avr/4.5.1/avr4\libgcc.a(_udivmodhi4.o)
                              Li-ionTester.o (__udivmodhi4)
c:/program files (x86)/atmel/avr tools/avr toolchain/bin/../lib/gcc/avr/4.5.1/avr4\libgcc.a(_udivmodsi4.o)
                              Li-ionTester.o (__udivmodsi4)
c:/program files (x86)/atmel/avr tools/avr toolchain/bin/../lib/gcc/avr/4.5.1/avr4\libgcc.a(_divmodsi4.o)
                              Li-ionTester.o (__divmodsi4)
c:/program files (x86)/atmel/avr tools/avr toolchain/bin/../lib/gcc/avr/4.5.1/avr4\libgcc.a(_exit.o)
                              c:/program files (x86)/atmel/avr tools/avr toolchain/bin/../lib/gcc/avr/4.5.1/../../../../avr/lib/avr4/crtm8.o (exit)
c:/program files (x86)/atmel/avr tools/avr toolchain/bin/../lib/gcc/avr/4.5.1/avr4\libgcc.a(_copy_data.o)
                              Li-ionTester.o (__do_copy_data)
c:/program files (x86)/atmel/avr tools/avr toolchain/bin/../lib/gcc/avr/4.5.1/avr4\libgcc.a(_clear_bss.o)
                              parser.o (__do_clear_bss)
c:/program files (x86)/atmel/avr tools/avr toolchain/bin/../lib/gcc/avr/4.5.1/../../../../avr/lib/avr4\libc.a(ltoa.o)
                              Li-ionTester.o (ltoa)
c:/program files (x86)/atmel/avr tools/avr toolchain/bin/../lib/gcc/avr/4.5.1/../../../../avr/lib/avr4\libc.a(eerd_dword_atmega8.o)
                              Li-ionTester.o (__eerd_dword_m8)
c:/program files (x86)/atmel/avr tools/avr toolchain/bin/../lib/gcc/avr/4.5.1/../../../../avr/lib/avr4\libc.a(eewr_dword_atmega8.o)
                              Li-ionTester.o (__eewr_dword_m8)
c:/program files (x86)/atmel/avr tools/avr toolchain/bin/../lib/gcc/avr/4.5.1/../../../../avr/lib/avr4\libc.a(eewr_word_atmega8.o)
                              c:/program files (x86)/atmel/avr tools/avr toolchain/bin/../lib/gcc/avr/4.5.1/../../../../avr/lib/avr4\libc.a(eewr_dword_atmega8.o) (__eewr_word_m8)
c:/program files (x86)/atmel/avr tools/avr toolchain/bin/../lib/gcc/avr/4.5.1/../../../../avr/lib/avr4\libc.a(strrev.o)
                              c:/program files (x86)/atmel/avr tools/avr toolchain/bin/../lib/gcc/avr/4.5.1/../../../../avr/lib/avr4\libc.a(ltoa.o) (strrev)
c:/program files (x86)/atmel/avr tools/avr toolchain/bin/../lib/gcc/avr/4.5.1/../../../../avr/lib/avr4\libc.a(eerd_block_atmega8.o)
                              c:/program files (x86)/atmel/avr tools/avr toolchain/bin/../lib/gcc/avr/4.5.1/../../../../avr/lib/avr4\libc.a(eerd_dword_atmega8.o) (__eerd_blraw_m8)
c:/program files (x86)/atmel/avr tools/avr toolchain/bin/../lib/gcc/avr/4.5.1/../../../../avr/lib/avr4\libc.a(eewr_byte_atmega8.o)
                              c:/program files (x86)/atmel/avr tools/avr toolchain/bin/../lib/gcc/avr/4.5.1/../../../../avr/lib/avr4\libc.a(eewr_word_atmega8.o) (__eewr_byte_m8)

Allocating common symbols
Common symbol       size              file

argv                0x4               parser.o
argc                0x1               parser.o
buf                 0x10              parser.o

Discarded input sections

 .data          0x00000000        0x0 c:/program files (x86)/atmel/avr tools/avr toolchain/bin/../lib/gcc/avr/4.5.1/../../../../avr/lib/avr4/crtm8.o
 .bss           0x00000000        0x0 c:/program files (x86)/atmel/avr tools/avr toolchain/bin/../lib/gcc/avr/4.5.1/../../../../avr/lib/avr4/crtm8.o
 .text          0x00000000        0x0 parser.o
 .data          0x00000000        0x0 parser.o
 .bss           0x00000000        0x0 parser.o
 .text.PARS_EqualStrFl
                0x00000000       0x32 parser.o
 .text.PARS_EqualStr
                0x00000000       0x38 parser.o
 .text.PARS_StrToUchar
                0x00000000       0x36 parser.o
 .text          0x00000000        0x0 Li-ionTester.o
 .bss           0x00000000        0x0 Li-ionTester.o
 .bss.number_buffer
                0x00000000        0x4 Li-ionTester.o
 .text          0x00000000        0x0 lcd_lib_2.o
 .data          0x00000000        0x0 lcd_lib_2.o
 .bss           0x00000000        0x0 lcd_lib_2.o
 .text.LCD_SendStrFl
                0x00000000       0x1c lcd_lib_2.o
 .text          0x00000000        0x0 buttons.o
 .data          0x00000000        0x0 buttons.o
 .bss           0x00000000        0x0 buttons.o
 .text          0x00000000        0x0 usart.o
 .data          0x00000000        0x0 usart.o
 .bss           0x00000000        0x0 usart.o
 .text.USART_GetTxCount
                0x00000000        0x6 usart.o
 .text.USART_FlushTxBuf
                0x00000000        0xe usart.o
 .text.USART_SendStrFl
                0x00000000       0x1e usart.o
 .text.USART_FlushRxBuf
                0x00000000        0xe usart.o
 .bss.block     0x00000000        0x1 usart.o
 .text          0x00000000        0x0 c:/program files (x86)/atmel/avr tools/avr toolchain/bin/../lib/gcc/avr/4.5.1/avr4\libgcc.a(_mulsi3.o)
 .data          0x00000000        0x0 c:/program files (x86)/atmel/avr tools/avr toolchain/bin/../lib/gcc/avr/4.5.1/avr4\libgcc.a(_mulsi3.o)
 .bss           0x00000000        0x0 c:/program files (x86)/atmel/avr tools/avr toolchain/bin/../lib/gcc/avr/4.5.1/avr4\libgcc.a(_mulsi3.o)
 .text          0x00000000        0x0 c:/program files (x86)/atmel/avr tools/avr toolchain/bin/../lib/gcc/avr/4.5.1/avr4\libgcc.a(_udivmodhi4.o)
 .data          0x00000000        0x0 c:/program files (x86)/atmel/avr tools/avr toolchain/bin/../lib/gcc/avr/4.5.1/avr4\libgcc.a(_udivmodhi4.o)
 .bss           0x00000000        0x0 c:/program files (x86)/atmel/avr tools/avr toolchain/bin/../lib/gcc/avr/4.5.1/avr4\libgcc.a(_udivmodhi4.o)
 .text          0x00000000        0x0 c:/program files (x86)/atmel/avr tools/avr toolchain/bin/../lib/gcc/avr/4.5.1/avr4\libgcc.a(_udivmodsi4.o)
 .data          0x00000000        0x0 c:/program files (x86)/atmel/avr tools/avr toolchain/bin/../lib/gcc/avr/4.5.1/avr4\libgcc.a(_udivmodsi4.o)
 .bss           0x00000000        0x0 c:/program files (x86)/atmel/avr tools/avr toolchain/bin/../lib/gcc/avr/4.5.1/avr4\libgcc.a(_udivmodsi4.o)
 .text          0x00000000        0x0 c:/program files (x86)/atmel/avr tools/avr toolchain/bin/../lib/gcc/avr/4.5.1/avr4\libgcc.a(_divmodsi4.o)
 .data          0x00000000        0x0 c:/program files (x86)/atmel/avr tools/avr toolchain/bin/../lib/gcc/avr/4.5.1/avr4\libgcc.a(_divmodsi4.o)
 .bss           0x00000000        0x0 c:/program files (x86)/atmel/avr tools/avr toolchain/bin/../lib/gcc/avr/4.5.1/avr4\libgcc.a(_divmodsi4.o)
 .text          0x00000000        0x0 c:/program files (x86)/atmel/avr tools/avr toolchain/bin/../lib/gcc/avr/4.5.1/avr4\libgcc.a(_exit.o)
 .data          0x00000000        0x0 c:/program files (x86)/atmel/avr tools/avr toolchain/bin/../lib/gcc/avr/4.5.1/avr4\libgcc.a(_exit.o)
 .bss           0x00000000        0x0 c:/program files (x86)/atmel/avr tools/avr toolchain/bin/../lib/gcc/avr/4.5.1/avr4\libgcc.a(_exit.o)
 .text.libgcc   0x00000000        0x0 c:/program files (x86)/atmel/avr tools/avr toolchain/bin/../lib/gcc/avr/4.5.1/avr4\libgcc.a(_exit.o)
 .text          0x00000000        0x0 c:/program files (x86)/atmel/avr tools/avr toolchain/bin/../lib/gcc/avr/4.5.1/avr4\libgcc.a(_copy_data.o)
 .data          0x00000000        0x0 c:/program files (x86)/atmel/avr tools/avr toolchain/bin/../lib/gcc/avr/4.5.1/avr4\libgcc.a(_copy_data.o)
 .bss           0x00000000        0x0 c:/program files (x86)/atmel/avr tools/avr toolchain/bin/../lib/gcc/avr/4.5.1/avr4\libgcc.a(_copy_data.o)
 .text.libgcc   0x00000000        0x0 c:/program files (x86)/atmel/avr tools/avr toolchain/bin/../lib/gcc/avr/4.5.1/avr4\libgcc.a(_copy_data.o)
 .text          0x00000000        0x0 c:/program files (x86)/atmel/avr tools/avr toolchain/bin/../lib/gcc/avr/4.5.1/avr4\libgcc.a(_clear_bss.o)
 .data          0x00000000        0x0 c:/program files (x86)/atmel/avr tools/avr toolchain/bin/../lib/gcc/avr/4.5.1/avr4\libgcc.a(_clear_bss.o)
 .bss           0x00000000        0x0 c:/program files (x86)/atmel/avr tools/avr toolchain/bin/../lib/gcc/avr/4.5.1/avr4\libgcc.a(_clear_bss.o)
 .text.libgcc   0x00000000        0x0 c:/program files (x86)/atmel/avr tools/avr toolchain/bin/../lib/gcc/avr/4.5.1/avr4\libgcc.a(_clear_bss.o)
 .text          0x00000000        0x0 c:/program files (x86)/atmel/avr tools/avr toolchain/bin/../lib/gcc/avr/4.5.1/../../../../avr/lib/avr4\libc.a(ltoa.o)
 .data          0x00000000        0x0 c:/program files (x86)/atmel/avr tools/avr toolchain/bin/../lib/gcc/avr/4.5.1/../../../../avr/lib/avr4\libc.a(ltoa.o)
 .bss           0x00000000        0x0 c:/program files (x86)/atmel/avr tools/avr toolchain/bin/../lib/gcc/avr/4.5.1/../../../../avr/lib/avr4\libc.a(ltoa.o)
 .text          0x00000000        0x0 c:/program files (x86)/atmel/avr tools/avr toolchain/bin/../lib/gcc/avr/4.5.1/../../../../avr/lib/avr4\libc.a(eerd_dword_atmega8.o)
 .data          0x00000000        0x0 c:/program files (x86)/atmel/avr tools/avr toolchain/bin/../lib/gcc/avr/4.5.1/../../../../avr/lib/avr4\libc.a(eerd_dword_atmega8.o)
 .bss           0x00000000        0x0 c:/program files (x86)/atmel/avr tools/avr toolchain/bin/../lib/gcc/avr/4.5.1/../../../../avr/lib/avr4\libc.a(eerd_dword_atmega8.o)
 .text          0x00000000        0x0 c:/program files (x86)/atmel/avr tools/avr toolchain/bin/../lib/gcc/avr/4.5.1/../../../../avr/lib/avr4\libc.a(eewr_dword_atmega8.o)
 .data          0x00000000        0x0 c:/program files (x86)/atmel/avr tools/avr toolchain/bin/../lib/gcc/avr/4.5.1/../../../../avr/lib/avr4\libc.a(eewr_dword_atmega8.o)
 .bss           0x00000000        0x0 c:/program files (x86)/atmel/avr tools/avr toolchain/bin/../lib/gcc/avr/4.5.1/../../../../avr/lib/avr4\libc.a(eewr_dword_atmega8.o)
 .text          0x00000000        0x0 c:/program files (x86)/atmel/avr tools/avr toolchain/bin/../lib/gcc/avr/4.5.1/../../../../avr/lib/avr4\libc.a(eewr_word_atmega8.o)
 .data          0x00000000        0x0 c:/program files (x86)/atmel/avr tools/avr toolchain/bin/../lib/gcc/avr/4.5.1/../../../../avr/lib/avr4\libc.a(eewr_word_atmega8.o)
 .bss           0x00000000        0x0 c:/program files (x86)/atmel/avr tools/avr toolchain/bin/../lib/gcc/avr/4.5.1/../../../../avr/lib/avr4\libc.a(eewr_word_atmega8.o)
 .text          0x00000000        0x0 c:/program files (x86)/atmel/avr tools/avr toolchain/bin/../lib/gcc/avr/4.5.1/../../../../avr/lib/avr4\libc.a(strrev.o)
 .data          0x00000000        0x0 c:/program files (x86)/atmel/avr tools/avr toolchain/bin/../lib/gcc/avr/4.5.1/../../../../avr/lib/avr4\libc.a(strrev.o)
 .bss           0x00000000        0x0 c:/program files (x86)/atmel/avr tools/avr toolchain/bin/../lib/gcc/avr/4.5.1/../../../../avr/lib/avr4\libc.a(strrev.o)
 .text          0x00000000        0x0 c:/program files (x86)/atmel/avr tools/avr toolchain/bin/../lib/gcc/avr/4.5.1/../../../../avr/lib/avr4\libc.a(eerd_block_atmega8.o)
 .data          0x00000000        0x0 c:/program files (x86)/atmel/avr tools/avr toolchain/bin/../lib/gcc/avr/4.5.1/../../../../avr/lib/avr4\libc.a(eerd_block_atmega8.o)
 .bss           0x00000000        0x0 c:/program files (x86)/atmel/avr tools/avr toolchain/bin/../lib/gcc/avr/4.5.1/../../../../avr/lib/avr4\libc.a(eerd_block_atmega8.o)
 .text          0x00000000        0x0 c:/program files (x86)/atmel/avr tools/avr toolchain/bin/../lib/gcc/avr/4.5.1/../../../../avr/lib/avr4\libc.a(eewr_byte_atmega8.o)
 .data          0x00000000        0x0 c:/program files (x86)/atmel/avr tools/avr toolchain/bin/../lib/gcc/avr/4.5.1/../../../../avr/lib/avr4\libc.a(eewr_byte_atmega8.o)
 .bss           0x00000000        0x0 c:/program files (x86)/atmel/avr tools/avr toolchain/bin/../lib/gcc/avr/4.5.1/../../../../avr/lib/avr4\libc.a(eewr_byte_atmega8.o)

Memory Configuration

Name             Origin             Length             Attributes
text             0x00000000         0x00002000         xr
data             0x00800060         0x0000ffa0         rw !x
eeprom           0x00810000         0x00010000         rw !x
fuse             0x00820000         0x00000400         rw !x
lock             0x00830000         0x00000400         rw !x
signature        0x00840000         0x00000400         rw !x
*default*        0x00000000         0xffffffff

Linker script and memory map

LOAD c:/program files (x86)/atmel/avr tools/avr toolchain/bin/../lib/gcc/avr/4.5.1/../../../../avr/lib/avr4/crtm8.o
LOAD parser.o
LOAD Li-ionTester.o
LOAD lcd_lib_2.o
LOAD buttons.o
LOAD usart.o
START GROUP
END GROUP
LOAD c:/program files (x86)/atmel/avr tools/avr toolchain/bin/../lib/gcc/avr/4.5.1/avr4\libgcc.a
LOAD c:/program files (x86)/atmel/avr tools/avr toolchain/bin/../lib/gcc/avr/4.5.1/../../../../avr/lib/avr4\libc.a
LOAD c:/program files (x86)/atmel/avr tools/avr toolchain/bin/../lib/gcc/avr/4.5.1/avr4\libgcc.a

.hash
 *(.hash)

.dynsym
 *(.dynsym)

.dynstr
 *(.dynstr)

.gnu.version
 *(.gnu.version)

.gnu.version_d
 *(.gnu.version_d)

.gnu.version_r
 *(.gnu.version_r)

.rel.init
 *(.rel.init)

.rela.init
 *(.rela.init)

.rel.text
 *(.rel.text)
 *(.rel.text.*)
 *(.rel.gnu.linkonce.t*)

.rela.text
 *(.rela.text)
 *(.rela.text.*)
 *(.rela.gnu.linkonce.t*)

.rel.fini
 *(.rel.fini)

.rela.fini
 *(.rela.fini)

.rel.rodata
 *(.rel.rodata)
 *(.rel.rodata.*)
 *(.rel.gnu.linkonce.r*)

.rela.rodata
 *(.rela.rodata)
 *(.rela.rodata.*)
 *(.rela.gnu.linkonce.r*)

.rel.data
 *(.rel.data)
 *(.rel.data.*)
 *(.rel.gnu.linkonce.d*)

.rela.data
 *(.rela.data)
 *(.rela.data.*)
 *(.rela.gnu.linkonce.d*)

.rel.ctors
 *(.rel.ctors)

.rela.ctors
 *(.rela.ctors)

.rel.dtors
 *(.rel.dtors)

.rela.dtors
 *(.rela.dtors)

.rel.got
 *(.rel.got)

.rela.got
 *(.rela.got)

.rel.bss
 *(.rel.bss)

.rela.bss
 *(.rela.bss)

.rel.plt
 *(.rel.plt)

.rela.plt
 *(.rela.plt)

.text           0x00000000     0x12ca
 *(.vectors)
 .vectors       0x00000000       0x26 c:/program files (x86)/atmel/avr tools/avr toolchain/bin/../lib/gcc/avr/4.5.1/../../../../avr/lib/avr4/crtm8.o
                0x00000000                __vector_default
                0x00000000                __vectors
 *(.vectors)
 *(.progmem.gcc*)
 *(.progmem*)
 .progmem.data  0x00000026       0x10 Li-ionTester.o
                0x00000026                leftArrow
                0x0000002e                rightArrow
                0x00000036                . = ALIGN (0x2)
                0x00000036                __trampolines_start = .
 *(.trampolines)
 .trampolines   0x00000036        0x0 linker stubs
 *(.trampolines*)
                0x00000036                __trampolines_end = .
 *(.jumptables)
 *(.jumptables*)
 *(.lowtext)
 *(.lowtext*)
                0x00000036                __ctors_start = .
 *(.ctors)
                0x00000036                __ctors_end = .
                0x00000036                __dtors_start = .
 *(.dtors)
                0x00000036                __dtors_end = .
 SORT(*)(.ctors)
 SORT(*)(.dtors)
 *(.init0)
 .init0         0x00000036        0x0 c:/program files (x86)/atmel/avr tools/avr toolchain/bin/../lib/gcc/avr/4.5.1/../../../../avr/lib/avr4/crtm8.o
                0x00000036                __init
 *(.init0)
 *(.init1)
 *(.init1)
 *(.init2)
 .init2         0x00000036        0xc c:/program files (x86)/atmel/avr tools/avr toolchain/bin/../lib/gcc/avr/4.5.1/../../../../avr/lib/avr4/crtm8.o
 *(.init2)
 *(.init3)
 *(.init3)
 *(.init4)
 .init4         0x00000042       0x16 c:/program files (x86)/atmel/avr tools/avr toolchain/bin/../lib/gcc/avr/4.5.1/avr4\libgcc.a(_copy_data.o)
                0x00000042                __do_copy_data
 .init4         0x00000058       0x10 c:/program files (x86)/atmel/avr tools/avr toolchain/bin/../lib/gcc/avr/4.5.1/avr4\libgcc.a(_clear_bss.o)
                0x00000058                __do_clear_bss
 *(.init4)
 *(.init5)
 *(.init5)
 *(.init6)
 *(.init6)
 *(.init7)
 *(.init7)
 *(.init8)
 *(.init8)
 *(.init9)
 .init9         0x00000068        0x4 c:/program files (x86)/atmel/avr tools/avr toolchain/bin/../lib/gcc/avr/4.5.1/../../../../avr/lib/avr4/crtm8.o
 *(.init9)
 *(.text)
 .text          0x0000006c        0x2 c:/program files (x86)/atmel/avr tools/avr toolchain/bin/../lib/gcc/avr/4.5.1/../../../../avr/lib/avr4/crtm8.o
                0x0000006c                __vector_1
                0x0000006c                __bad_interrupt
                0x0000006c                __vector_6
                0x0000006c                __vector_3
                0x0000006c                __vector_13
                0x0000006c                __vector_17
                0x0000006c                __vector_7
                0x0000006c                __vector_5
                0x0000006c                __vector_9
                0x0000006c                __vector_2
                0x0000006c                __vector_15
                0x0000006c                __vector_8
                0x0000006c                __vector_14
                0x0000006c                __vector_10
                0x0000006c                __vector_16
                0x0000006c                __vector_18
                0x0000006e                . = ALIGN (0x2)
 *(.text.*)
 .text.PARS_Init
                0x0000006e       0x1a parser.o
                0x0000006e                PARS_Init
 .text.PARS_Parser
                0x00000088       0xc4 parser.o
                0x00000088                PARS_Parser
 .text.PARS_StrToUint
                0x0000014c       0x46 parser.o
                0x0000014c                PARS_StrToUint
 .text.seconds  0x00000192       0x1a Li-ionTester.o
                0x00000192                seconds
 .text.PARS_Handler
                0x000001ac       0x84 Li-ionTester.o
                0x000001ac                PARS_Handler
 .text.t2_init  0x00000230       0x16 Li-ionTester.o
                0x00000230                t2_init
 .text.read_adc
                0x00000246       0x1a Li-ionTester.o
                0x00000246                read_adc
 .text.printUL  0x00000260       0x12 Li-ionTester.o
                0x00000260                printUL
 .text.printUARTLCD
                0x00000272       0x2a Li-ionTester.o
                0x00000272                printUARTLCD
 .text.printITime
                0x0000029c       0x22 Li-ionTester.o
                0x0000029c                printITime
 .text.printVoltage
                0x000002be       0x84 Li-ionTester.o
                0x000002be                printVoltage
 .text.checkBattery
                0x00000342       0x3a Li-ionTester.o
                0x00000342                checkBattery
 .text.Reset_Button
                0x0000037c       0x12 Li-ionTester.o
                0x0000037c                Reset_Button
 .text.checkTempPotection
                0x0000038e       0x62 Li-ionTester.o
                0x0000038e                checkTempPotection
 .text.printCapacity
                0x000003f0       0xec Li-ionTester.o
                0x000003f0                printCapacity
 .text.Charge_battery
                0x000004dc       0xca Li-ionTester.o
                0x000004dc                Charge_battery
 .text.checkEndVoltage
                0x000005a6      0x10e Li-ionTester.o
                0x000005a6                checkEndVoltage
 .text.printVADialig
                0x000006b4      0x190 Li-ionTester.o
                0x000006b4                printVADialig
 .text.__vector_4
                0x00000844       0x50 Li-ionTester.o
                0x00000844                __vector_4
 .text.main     0x00000894      0x49a Li-ionTester.o
                0x00000894                main
 .text.LCD_CommonFunc
                0x00000d2e       0x76 lcd_lib_2.o
 .text.LCD_WriteComInit
                0x00000da4       0x44 lcd_lib_2.o
                0x00000da4                LCD_WriteComInit
 .text.LCD_WriteCom
                0x00000de8        0xe lcd_lib_2.o
                0x00000de8                LCD_WriteCom
 .text.LCD_WriteData
                0x00000df6        0xe lcd_lib_2.o
                0x00000df6                LCD_WriteData
 .text.LCD_Init
                0x00000e04       0x64 lcd_lib_2.o
                0x00000e04                LCD_Init
 .text.LCD_SendStr
                0x00000e68       0x26 lcd_lib_2.o
                0x00000e68                LCD_SendStr
 .text.LCD_SetUserChar
                0x00000e8e       0x42 lcd_lib_2.o
                0x00000e8e                LCD_SetUserChar
 .text.BUT_Init
                0x00000ed0        0xe buttons.o
                0x00000ed0                BUT_Init
 .text.BUT_Debrief
                0x00000ede       0x52 buttons.o
                0x00000ede                BUT_Debrief
 .text.BUT_GetKey
                0x00000f30        0xa buttons.o
                0x00000f30                BUT_GetKey
 .text.USART_Init
                0x00000f3a       0x6e usart.o
                0x00000f3a                USART_Init
 .text.USART_PutChar
                0x00000fa8       0x4c usart.o
                0x00000fa8                USART_PutChar
 .text.USART_SendStr
                0x00000ff4       0x26 usart.o
                0x00000ff4                USART_SendStr
 .text.__vector_12
                0x0000101a       0x5a usart.o
                0x0000101a                __vector_12
 .text.USART_GetRxCount
                0x00001074        0x6 usart.o
                0x00001074                USART_GetRxCount
 .text.USART_GetChar
                0x0000107a       0x3a usart.o
                0x0000107a                USART_GetChar
 .text.__vector_11
                0x000010b4       0x5a usart.o
                0x000010b4                __vector_11
 .text.libgcc   0x0000110e       0x3e c:/program files (x86)/atmel/avr tools/avr toolchain/bin/../lib/gcc/avr/4.5.1/avr4\libgcc.a(_mulsi3.o)
                0x0000110e                __mulsi3
 .text.libgcc   0x0000114c       0x28 c:/program files (x86)/atmel/avr tools/avr toolchain/bin/../lib/gcc/avr/4.5.1/avr4\libgcc.a(_udivmodhi4.o)
                0x0000114c                __udivmodhi4
 .text.libgcc   0x00001174       0x44 c:/program files (x86)/atmel/avr tools/avr toolchain/bin/../lib/gcc/avr/4.5.1/avr4\libgcc.a(_udivmodsi4.o)
                0x00001174                __udivmodsi4
 .text.libgcc   0x000011b8       0x36 c:/program files (x86)/atmel/avr tools/avr toolchain/bin/../lib/gcc/avr/4.5.1/avr4\libgcc.a(_divmodsi4.o)
                0x000011b8                __divmodsi4
 .text.avr-libc
                0x000011ee       0x64 c:/program files (x86)/atmel/avr tools/avr toolchain/bin/../lib/gcc/avr/4.5.1/../../../../avr/lib/avr4\libc.a(ltoa.o)
                0x000011ee                ltoa
 .text.avr-libc
                0x00001252        0xa c:/program files (x86)/atmel/avr tools/avr toolchain/bin/../lib/gcc/avr/4.5.1/../../../../avr/lib/avr4\libc.a(eerd_dword_atmega8.o)
                0x00001252                __eerd_dword_m8
                0x00001252                __eerd_float_m8
 .text.avr-libc
                0x0000125c        0xa c:/program files (x86)/atmel/avr tools/avr toolchain/bin/../lib/gcc/avr/4.5.1/../../../../avr/lib/avr4\libc.a(eewr_dword_atmega8.o)
                0x0000125c                __eewr_float_m8
                0x0000125c                __eewr_dword_m8
 .text.avr-libc
                0x00001266        0x6 c:/program files (x86)/atmel/avr tools/avr toolchain/bin/../lib/gcc/avr/4.5.1/../../../../avr/lib/avr4\libc.a(eewr_word_atmega8.o)
                0x00001266                __eewr_word_m8
 .text.avr-libc
                0x0000126c       0x20 c:/program files (x86)/atmel/avr tools/avr toolchain/bin/../lib/gcc/avr/4.5.1/../../../../avr/lib/avr4\libc.a(strrev.o)
                0x0000126c                strrev
 .text.avr-libc
                0x0000128c       0x20 c:/program files (x86)/atmel/avr tools/avr toolchain/bin/../lib/gcc/avr/4.5.1/../../../../avr/lib/avr4\libc.a(eerd_block_atmega8.o)
                0x0000128c                __eerd_block_m8
                0x00001290                __eerd_blraw_m8
 .text.avr-libc
                0x000012ac       0x1a c:/program files (x86)/atmel/avr tools/avr toolchain/bin/../lib/gcc/avr/4.5.1/../../../../avr/lib/avr4\libc.a(eewr_byte_atmega8.o)
                0x000012ac                __eewr_byte_m8
                0x000012ae                __eewr_r18_m8
                0x000012c6                . = ALIGN (0x2)
 *(.fini9)
 .fini9         0x000012c6        0x0 c:/program files (x86)/atmel/avr tools/avr toolchain/bin/../lib/gcc/avr/4.5.1/avr4\libgcc.a(_exit.o)
                0x000012c6                _exit
                0x000012c6                exit
 *(.fini9)
 *(.fini8)
 *(.fini8)
 *(.fini7)
 *(.fini7)
 *(.fini6)
 *(.fini6)
 *(.fini5)
 *(.fini5)
 *(.fini4)
 *(.fini4)
 *(.fini3)
 *(.fini3)
 *(.fini2)
 *(.fini2)
 *(.fini1)
 *(.fini1)
 *(.fini0)
 .fini0         0x000012c6        0x4 c:/program files (x86)/atmel/avr tools/avr toolchain/bin/../lib/gcc/avr/4.5.1/avr4\libgcc.a(_exit.o)
 *(.fini0)
                0x000012ca                _etext = .

.data           0x00800060      0x270 load address 0x000012ca
                0x00800060                PROVIDE (__data_start, .)
 *(.data)
 .data          0x00800060      0x26c Li-ionTester.o
 *(.data*)
 .data.END_Voltage
                0x008002cc        0x2 Li-ionTester.o
                0x008002cc                END_Voltage
 .data.I_set    0x008002ce        0x2 Li-ionTester.o
                0x008002ce                I_set
 *(.rodata)
 *(.rodata*)
 *(.gnu.linkonce.d*)
                0x008002d0                . = ALIGN (0x2)
                0x008002d0                _edata = .
                0x008002d0                PROVIDE (__data_end, .)

.bss            0x008002d0       0x5f
                0x008002d0                PROVIDE (__bss_start, .)
 *(.bss)
 *(.bss*)
 .bss.inc       0x008002d0        0x1 parser.o
                0x008002d0                inc
 .bss.flag      0x008002d1        0x1 parser.o
                0x008002d1                flag
 .bss.seconds_timer2
                0x008002d2        0x4 Li-ionTester.o
                0x008002d2                seconds_timer2
 .bss.interrupt_data
                0x008002d6        0x1 Li-ionTester.o
                0x008002d6                interrupt_data
 .bss.charge_before
                0x008002d7        0x1 Li-ionTester.o
                0x008002d7                charge_before
 .bss.LastCapacity
                0x008002d8        0x4 Li-ionTester.o
                0x008002d8                LastCapacity
 .bss.minutes   0x008002dc        0x4 Li-ionTester.o
                0x008002dc                minutes
 .bss.Capacity  0x008002e0        0x4 Li-ionTester.o
                0x008002e0                Capacity
 .bss.I         0x008002e4        0x4 Li-ionTester.o
                0x008002e4                I
 .bss.Voltage   0x008002e8        0x4 Li-ionTester.o
                0x008002e8                Voltage
 .bss.i         0x008002ec        0x1 Li-ionTester.o
                0x008002ec                i
 .bss.one_char_buffer
                0x008002ed        0x1 Li-ionTester.o
                0x008002ed                one_char_buffer
 .bss.dialog_id
                0x008002ee        0x1 Li-ionTester.o
                0x008002ee                dialog_id
 .bss.int_buffer
                0x008002ef        0x2 Li-ionTester.o
                0x008002ef                int_buffer
 .bss.value_parsed_success
                0x008002f1        0x1 Li-ionTester.o
                0x008002f1                value_parsed_success
 .bss.pressedKey
                0x008002f2        0x1 buttons.o
                0x008002f2                pressedKey
 .bss.comp      0x008002f3        0x1 buttons.o
                0x008002f3                comp
 .bss.rxCount   0x008002f4        0x1 usart.o
 .bss.rxBufTail
                0x008002f5        0x1 usart.o
 .bss.usartRxBuf
                0x008002f6       0x10 usart.o
 .bss.rxBufHead
                0x00800306        0x1 usart.o
 .bss.txCount   0x00800307        0x1 usart.o
 .bss.txBufHead
                0x00800308        0x1 usart.o
 .bss.usartTxBuf
                0x00800309       0x10 usart.o
 .bss.txBufTail
                0x00800319        0x1 usart.o
 *(COMMON)
 COMMON         0x0080031a       0x15 parser.o
                0x0080031a                argv
                0x0080031e                argc
                0x0080031f                buf
                0x0080032f                PROVIDE (__bss_end, .)
                0x000012ca                __data_load_start = LOADADDR (.data)
                0x0000153a                __data_load_end = (__data_load_start + SIZEOF (.data))

.noinit         0x0080032f        0x0
                0x0080032f                PROVIDE (__noinit_start, .)
 *(.noinit*)
                0x0080032f                PROVIDE (__noinit_end, .)
                0x0080032f                _end = .
                0x0080032f                PROVIDE (__heap_start, .)

.eeprom         0x00810000        0xc
 *(.eeprom*)
 .eeprom        0x00810000        0xc Li-ionTester.o
                0x00810000                eeLastCapacity
                0x00810004                eeI
                0x00810008                eeEND_Voltage
                0x0081000c                __eeprom_end = .

.fuse
 *(.fuse)
 *(.lfuse)
 *(.hfuse)
 *(.efuse)

.lock
 *(.lock*)

.signature
 *(.signature*)

.stab           0x00000000      0xd5c
 *(.stab)
 .stab          0x00000000      0x6cc c:/program files (x86)/atmel/avr tools/avr toolchain/bin/../lib/gcc/avr/4.5.1/../../../../avr/lib/avr4/crtm8.o
 .stab          0x000006cc      0x294 c:/program files (x86)/atmel/avr tools/avr toolchain/bin/../lib/gcc/avr/4.5.1/../../../../avr/lib/avr4\libc.a(ltoa.o)
                                0x2a0 (size before relaxing)
 .stab          0x00000960       0x78 c:/program files (x86)/atmel/avr tools/avr toolchain/bin/../lib/gcc/avr/4.5.1/../../../../avr/lib/avr4\libc.a(eerd_dword_atmega8.o)
                                 0x84 (size before relaxing)
 .stab          0x000009d8       0x78 c:/program files (x86)/atmel/avr tools/avr toolchain/bin/../lib/gcc/avr/4.5.1/../../../../avr/lib/avr4\libc.a(eewr_dword_atmega8.o)
                                 0x84 (size before relaxing)
 .stab          0x00000a50       0x54 c:/program files (x86)/atmel/avr tools/avr toolchain/bin/../lib/gcc/avr/4.5.1/../../../../avr/lib/avr4\libc.a(eewr_word_atmega8.o)
                                 0x60 (size before relaxing)
 .stab          0x00000aa4       0xd8 c:/program files (x86)/atmel/avr tools/avr toolchain/bin/../lib/gcc/avr/4.5.1/../../../../avr/lib/avr4\libc.a(strrev.o)
                                 0xe4 (size before relaxing)
 .stab          0x00000b7c      0x108 c:/program files (x86)/atmel/avr tools/avr toolchain/bin/../lib/gcc/avr/4.5.1/../../../../avr/lib/avr4\libc.a(eerd_block_atmega8.o)
                                0x114 (size before relaxing)
 .stab          0x00000c84       0xd8 c:/program files (x86)/atmel/avr tools/avr toolchain/bin/../lib/gcc/avr/4.5.1/../../../../avr/lib/avr4\libc.a(eewr_byte_atmega8.o)
                                 0xe4 (size before relaxing)

.stabstr        0x00000000      0x33f
 *(.stabstr)
 .stabstr       0x00000000      0x33f c:/program files (x86)/atmel/avr tools/avr toolchain/bin/../lib/gcc/avr/4.5.1/../../../../avr/lib/avr4/crtm8.o

.stab.excl
 *(.stab.excl)

.stab.exclstr
 *(.stab.exclstr)

.stab.index
 *(.stab.index)

.stab.indexstr
 *(.stab.indexstr)

.comment
 *(.comment)

.debug
 *(.debug)

.line
 *(.line)

.debug_srcinfo
 *(.debug_srcinfo)

.debug_sfnames
 *(.debug_sfnames)

.debug_aranges  0x00000000      0x1e0
 *(.debug_aranges)
 .debug_aranges
                0x00000000       0x48 parser.o
 .debug_aranges
                0x00000048       0xa0 Li-ionTester.o
 .debug_aranges
                0x000000e8       0x58 lcd_lib_2.o
 .debug_aranges
                0x00000140       0x30 buttons.o
 .debug_aranges
                0x00000170       0x70 usart.o

.debug_pubnames
                0x00000000      0x4cf
 *(.debug_pubnames)
 .debug_pubnames
                0x00000000       0xa8 parser.o
 .debug_pubnames
                0x000000a8      0x25b Li-ionTester.o
 .debug_pubnames
                0x00000303       0x8d lcd_lib_2.o
 .debug_pubnames
                0x00000390       0x56 buttons.o
 .debug_pubnames
                0x000003e6       0xe9 usart.o

.debug_info     0x00000000     0x18fe
 *(.debug_info)
 .debug_info    0x00000000      0x2f5 parser.o
 .debug_info    0x000002f5      0xabd Li-ionTester.o
 .debug_info    0x00000db2      0x606 lcd_lib_2.o
 .debug_info    0x000013b8      0x1ea buttons.o
 .debug_info    0x000015a2      0x35c usart.o
 *(.gnu.linkonce.wi.*)

.debug_abbrev   0x00000000      0x833
 *(.debug_abbrev)
 .debug_abbrev  0x00000000      0x143 parser.o
 .debug_abbrev  0x00000143      0x2c8 Li-ionTester.o
 .debug_abbrev  0x0000040b      0x18a lcd_lib_2.o
 .debug_abbrev  0x00000595      0x163 buttons.o
 .debug_abbrev  0x000006f8      0x13b usart.o

.debug_line     0x00000000     0x1a58
 *(.debug_line)
 .debug_line    0x00000000      0x33d parser.o
 .debug_line    0x0000033d      0xbde Li-ionTester.o
 .debug_line    0x00000f1b      0x4ff lcd_lib_2.o
 .debug_line    0x0000141a      0x238 buttons.o
 .debug_line    0x00001652      0x406 usart.o

.debug_frame    0x00000000      0x320
 *(.debug_frame)
 .debug_frame   0x00000000       0x70 parser.o
 .debug_frame   0x00000070      0x120 Li-ionTester.o
 .debug_frame   0x00000190       0x90 lcd_lib_2.o
 .debug_frame   0x00000220       0x40 buttons.o
 .debug_frame   0x00000260       0xc0 usart.o

.debug_str      0x00000000      0x556
 *(.debug_str)
 .debug_str     0x00000000      0x11a parser.o
                                0x153 (size before relaxing)
 .debug_str     0x0000011a      0x254 Li-ionTester.o
                                0x35a (size before relaxing)
 .debug_str     0x0000036e       0x88 lcd_lib_2.o
                                0x1d6 (size before relaxing)
 .debug_str     0x000003f6       0x3f buttons.o
                                0x156 (size before relaxing)
 .debug_str     0x00000435      0x121 usart.o
                                0x203 (size before relaxing)

.debug_loc      0x00000000      0xb6b
 *(.debug_loc)
 .debug_loc     0x00000000      0x219 parser.o
 .debug_loc     0x00000219      0x56b Li-ionTester.o
 .debug_loc     0x00000784      0x1f4 lcd_lib_2.o
 .debug_loc     0x00000978       0x67 buttons.o
 .debug_loc     0x000009df      0x18c usart.o

.debug_macinfo
 *(.debug_macinfo)
OUTPUT(Li-ionTester.elf elf32-avr)
LOAD linker stubs

.debug_pubtypes
                0x00000000       0xfe
 .debug_pubtypes
                0x00000000       0x2b parser.o
 .debug_pubtypes
                0x0000002b       0x38 Li-ionTester.o
 .debug_pubtypes
                0x00000063       0x38 lcd_lib_2.o
 .debug_pubtypes
                0x0000009b       0x38 buttons.o
 .debug_pubtypes
                0x000000d3       0x2b usart.o

.debug_ranges   0x00000000      0x1a8
 .debug_ranges  0x00000000       0x38 parser.o
 .debug_ranges  0x00000038       0xa8 Li-ionTester.o
 .debug_ranges  0x000000e0       0x48 lcd_lib_2.o
 .debug_ranges  0x00000128       0x20 buttons.o
 .debug_ranges  0x00000148       0x60 usart.o
