Archive member included because of file (symbol)

c:/program files (x86)/atmel/avr tools/avr toolchain/bin/../lib/gcc/avr/4.5.1/avr4\libgcc.a(_mulsi3.o)
                              Li-ionTester.o (__mulsi3)
c:/program files (x86)/atmel/avr tools/avr toolchain/bin/../lib/gcc/avr/4.5.1/avr4\libgcc.a(_udivmodhi4.o)
                              Li-ionTester.o (__udivmodhi4)
c:/program files (x86)/atmel/avr tools/avr toolchain/bin/../lib/gcc/avr/4.5.1/avr4\libgcc.a(_udivmodsi4.o)
                              Li-ionTester.o (__udivmodsi4)
c:/program files (x86)/atmel/avr tools/avr toolchain/bin/../lib/gcc/avr/4.5.1/avr4\libgcc.a(_divmodsi4.o)
                              Li-ionTester.o (__divmodsi4)
c:/program files (x86)/atmel/avr tools/avr toolchain/bin/../lib/gcc/avr/4.5.1/avr4\libgcc.a(_exit.o)
                              c:/program files (x86)/atmel/avr tools/avr toolchain/bin/../lib/gcc/avr/4.5.1/../../../../avr/lib/avr4/crtm8.o (exit)
c:/program files (x86)/atmel/avr tools/avr toolchain/bin/../lib/gcc/avr/4.5.1/avr4\libgcc.a(_copy_data.o)
                              Li-ionTester.o (__do_copy_data)
c:/program files (x86)/atmel/avr tools/avr toolchain/bin/../lib/gcc/avr/4.5.1/avr4\libgcc.a(_clear_bss.o)
                              74hc595.o (__do_clear_bss)
c:/program files (x86)/atmel/avr tools/avr toolchain/bin/../lib/gcc/avr/4.5.1/../../../../avr/lib/avr4\libc.a(ltoa.o)
                              Li-ionTester.o (ltoa)
c:/program files (x86)/atmel/avr tools/avr toolchain/bin/../lib/gcc/avr/4.5.1/../../../../avr/lib/avr4\libc.a(eerd_dword_atmega8.o)
                              Li-ionTester.o (__eerd_dword_m8)
c:/program files (x86)/atmel/avr tools/avr toolchain/bin/../lib/gcc/avr/4.5.1/../../../../avr/lib/avr4\libc.a(eewr_dword_atmega8.o)
                              Li-ionTester.o (__eewr_dword_m8)
c:/program files (x86)/atmel/avr tools/avr toolchain/bin/../lib/gcc/avr/4.5.1/../../../../avr/lib/avr4\libc.a(eewr_word_atmega8.o)
                              c:/program files (x86)/atmel/avr tools/avr toolchain/bin/../lib/gcc/avr/4.5.1/../../../../avr/lib/avr4\libc.a(eewr_dword_atmega8.o) (__eewr_word_m8)
c:/program files (x86)/atmel/avr tools/avr toolchain/bin/../lib/gcc/avr/4.5.1/../../../../avr/lib/avr4\libc.a(strrev.o)
                              c:/program files (x86)/atmel/avr tools/avr toolchain/bin/../lib/gcc/avr/4.5.1/../../../../avr/lib/avr4\libc.a(ltoa.o) (strrev)
c:/program files (x86)/atmel/avr tools/avr toolchain/bin/../lib/gcc/avr/4.5.1/../../../../avr/lib/avr4\libc.a(eerd_block_atmega8.o)
                              c:/program files (x86)/atmel/avr tools/avr toolchain/bin/../lib/gcc/avr/4.5.1/../../../../avr/lib/avr4\libc.a(eerd_dword_atmega8.o) (__eerd_blraw_m8)
c:/program files (x86)/atmel/avr tools/avr toolchain/bin/../lib/gcc/avr/4.5.1/../../../../avr/lib/avr4\libc.a(eewr_byte_atmega8.o)
                              c:/program files (x86)/atmel/avr tools/avr toolchain/bin/../lib/gcc/avr/4.5.1/../../../../avr/lib/avr4\libc.a(eewr_word_atmega8.o) (__eewr_byte_m8)

Allocating common symbols
Common symbol       size              file

argv                0x4               parser.o
argc                0x1               parser.o
buf                 0x10              parser.o

Discarded input sections

 .data          0x00000000        0x0 c:/program files (x86)/atmel/avr tools/avr toolchain/bin/../lib/gcc/avr/4.5.1/../../../../avr/lib/avr4/crtm8.o
 .bss           0x00000000        0x0 c:/program files (x86)/atmel/avr tools/avr toolchain/bin/../lib/gcc/avr/4.5.1/../../../../avr/lib/avr4/crtm8.o
 .text          0x00000000        0x0 74hc595.o
 .data          0x00000000        0x0 74hc595.o
 .bss           0x00000000        0x0 74hc595.o
 .text          0x00000000        0x0 parser.o
 .data          0x00000000        0x0 parser.o
 .bss           0x00000000        0x0 parser.o
 .text.PARS_EqualStrFl
                0x00000000       0x32 parser.o
 .text.PARS_EqualStr
                0x00000000       0x38 parser.o
 .text.PARS_StrToUchar
                0x00000000       0x36 parser.o
 .text          0x00000000        0x0 Li-ionTester.o
 .bss           0x00000000        0x0 Li-ionTester.o
 .text.map      0x00000000       0x8e Li-ionTester.o
 .bss.number_buffer
                0x00000000        0x4 Li-ionTester.o
 .bss.pause_status
                0x00000000        0x1 Li-ionTester.o
 .text          0x00000000        0x0 lcd_lib_2.o
 .data          0x00000000        0x0 lcd_lib_2.o
 .bss           0x00000000        0x0 lcd_lib_2.o
 .text.LCD_SendStrFl
                0x00000000       0x1c lcd_lib_2.o
 .text          0x00000000        0x0 buttons.o
 .data          0x00000000        0x0 buttons.o
 .bss           0x00000000        0x0 buttons.o
 .text          0x00000000        0x0 usart.o
 .data          0x00000000        0x0 usart.o
 .bss           0x00000000        0x0 usart.o
 .text.USART_GetTxCount
                0x00000000        0x6 usart.o
 .text.USART_FlushTxBuf
                0x00000000        0xe usart.o
 .text.USART_SendStrFl
                0x00000000       0x1e usart.o
 .text.USART_FlushRxBuf
                0x00000000        0xe usart.o
 .bss.block     0x00000000        0x1 usart.o
 .text          0x00000000        0x0 c:/program files (x86)/atmel/avr tools/avr toolchain/bin/../lib/gcc/avr/4.5.1/avr4\libgcc.a(_mulsi3.o)
 .data          0x00000000        0x0 c:/program files (x86)/atmel/avr tools/avr toolchain/bin/../lib/gcc/avr/4.5.1/avr4\libgcc.a(_mulsi3.o)
 .bss           0x00000000        0x0 c:/program files (x86)/atmel/avr tools/avr toolchain/bin/../lib/gcc/avr/4.5.1/avr4\libgcc.a(_mulsi3.o)
 .text          0x00000000        0x0 c:/program files (x86)/atmel/avr tools/avr toolchain/bin/../lib/gcc/avr/4.5.1/avr4\libgcc.a(_udivmodhi4.o)
 .data          0x00000000        0x0 c:/program files (x86)/atmel/avr tools/avr toolchain/bin/../lib/gcc/avr/4.5.1/avr4\libgcc.a(_udivmodhi4.o)
 .bss           0x00000000        0x0 c:/program files (x86)/atmel/avr tools/avr toolchain/bin/../lib/gcc/avr/4.5.1/avr4\libgcc.a(_udivmodhi4.o)
 .text          0x00000000        0x0 c:/program files (x86)/atmel/avr tools/avr toolchain/bin/../lib/gcc/avr/4.5.1/avr4\libgcc.a(_udivmodsi4.o)
 .data          0x00000000        0x0 c:/program files (x86)/atmel/avr tools/avr toolchain/bin/../lib/gcc/avr/4.5.1/avr4\libgcc.a(_udivmodsi4.o)
 .bss           0x00000000        0x0 c:/program files (x86)/atmel/avr tools/avr toolchain/bin/../lib/gcc/avr/4.5.1/avr4\libgcc.a(_udivmodsi4.o)
 .text          0x00000000        0x0 c:/program files (x86)/atmel/avr tools/avr toolchain/bin/../lib/gcc/avr/4.5.1/avr4\libgcc.a(_divmodsi4.o)
 .data          0x00000000        0x0 c:/program files (x86)/atmel/avr tools/avr toolchain/bin/../lib/gcc/avr/4.5.1/avr4\libgcc.a(_divmodsi4.o)
 .bss           0x00000000        0x0 c:/program files (x86)/atmel/avr tools/avr toolchain/bin/../lib/gcc/avr/4.5.1/avr4\libgcc.a(_divmodsi4.o)
 .text.libgcc   0x00000000       0x36 c:/program files (x86)/atmel/avr tools/avr toolchain/bin/../lib/gcc/avr/4.5.1/avr4\libgcc.a(_divmodsi4.o)
 .text          0x00000000        0x0 c:/program files (x86)/atmel/avr tools/avr toolchain/bin/../lib/gcc/avr/4.5.1/avr4\libgcc.a(_exit.o)
 .data          0x00000000        0x0 c:/program files (x86)/atmel/avr tools/avr toolchain/bin/../lib/gcc/avr/4.5.1/avr4\libgcc.a(_exit.o)
 .bss           0x00000000        0x0 c:/program files (x86)/atmel/avr tools/avr toolchain/bin/../lib/gcc/avr/4.5.1/avr4\libgcc.a(_exit.o)
 .text.libgcc   0x00000000        0x0 c:/program files (x86)/atmel/avr tools/avr toolchain/bin/../lib/gcc/avr/4.5.1/avr4\libgcc.a(_exit.o)
 .text          0x00000000        0x0 c:/program files (x86)/atmel/avr tools/avr toolchain/bin/../lib/gcc/avr/4.5.1/avr4\libgcc.a(_copy_data.o)
 .data          0x00000000        0x0 c:/program files (x86)/atmel/avr tools/avr toolchain/bin/../lib/gcc/avr/4.5.1/avr4\libgcc.a(_copy_data.o)
 .bss           0x00000000        0x0 c:/program files (x86)/atmel/avr tools/avr toolchain/bin/../lib/gcc/avr/4.5.1/avr4\libgcc.a(_copy_data.o)
 .text.libgcc   0x00000000        0x0 c:/program files (x86)/atmel/avr tools/avr toolchain/bin/../lib/gcc/avr/4.5.1/avr4\libgcc.a(_copy_data.o)
 .text          0x00000000        0x0 c:/program files (x86)/atmel/avr tools/avr toolchain/bin/../lib/gcc/avr/4.5.1/avr4\libgcc.a(_clear_bss.o)
 .data          0x00000000        0x0 c:/program files (x86)/atmel/avr tools/avr toolchain/bin/../lib/gcc/avr/4.5.1/avr4\libgcc.a(_clear_bss.o)
 .bss           0x00000000        0x0 c:/program files (x86)/atmel/avr tools/avr toolchain/bin/../lib/gcc/avr/4.5.1/avr4\libgcc.a(_clear_bss.o)
 .text.libgcc   0x00000000        0x0 c:/program files (x86)/atmel/avr tools/avr toolchain/bin/../lib/gcc/avr/4.5.1/avr4\libgcc.a(_clear_bss.o)
 .text          0x00000000        0x0 c:/program files (x86)/atmel/avr tools/avr toolchain/bin/../lib/gcc/avr/4.5.1/../../../../avr/lib/avr4\libc.a(ltoa.o)
 .data          0x00000000        0x0 c:/program files (x86)/atmel/avr tools/avr toolchain/bin/../lib/gcc/avr/4.5.1/../../../../avr/lib/avr4\libc.a(ltoa.o)
 .bss           0x00000000        0x0 c:/program files (x86)/atmel/avr tools/avr toolchain/bin/../lib/gcc/avr/4.5.1/../../../../avr/lib/avr4\libc.a(ltoa.o)
 .text          0x00000000        0x0 c:/program files (x86)/atmel/avr tools/avr toolchain/bin/../lib/gcc/avr/4.5.1/../../../../avr/lib/avr4\libc.a(eerd_dword_atmega8.o)
 .data          0x00000000        0x0 c:/program files (x86)/atmel/avr tools/avr toolchain/bin/../lib/gcc/avr/4.5.1/../../../../avr/lib/avr4\libc.a(eerd_dword_atmega8.o)
 .bss           0x00000000        0x0 c:/program files (x86)/atmel/avr tools/avr toolchain/bin/../lib/gcc/avr/4.5.1/../../../../avr/lib/avr4\libc.a(eerd_dword_atmega8.o)
 .text          0x00000000        0x0 c:/program files (x86)/atmel/avr tools/avr toolchain/bin/../lib/gcc/avr/4.5.1/../../../../avr/lib/avr4\libc.a(eewr_dword_atmega8.o)
 .data          0x00000000        0x0 c:/program files (x86)/atmel/avr tools/avr toolchain/bin/../lib/gcc/avr/4.5.1/../../../../avr/lib/avr4\libc.a(eewr_dword_atmega8.o)
 .bss           0x00000000        0x0 c:/program files (x86)/atmel/avr tools/avr toolchain/bin/../lib/gcc/avr/4.5.1/../../../../avr/lib/avr4\libc.a(eewr_dword_atmega8.o)
 .text          0x00000000        0x0 c:/program files (x86)/atmel/avr tools/avr toolchain/bin/../lib/gcc/avr/4.5.1/../../../../avr/lib/avr4\libc.a(eewr_word_atmega8.o)
 .data          0x00000000        0x0 c:/program files (x86)/atmel/avr tools/avr toolchain/bin/../lib/gcc/avr/4.5.1/../../../../avr/lib/avr4\libc.a(eewr_word_atmega8.o)
 .bss           0x00000000        0x0 c:/program files (x86)/atmel/avr tools/avr toolchain/bin/../lib/gcc/avr/4.5.1/../../../../avr/lib/avr4\libc.a(eewr_word_atmega8.o)
 .text          0x00000000        0x0 c:/program files (x86)/atmel/avr tools/avr toolchain/bin/../lib/gcc/avr/4.5.1/../../../../avr/lib/avr4\libc.a(strrev.o)
 .data          0x00000000        0x0 c:/program files (x86)/atmel/avr tools/avr toolchain/bin/../lib/gcc/avr/4.5.1/../../../../avr/lib/avr4\libc.a(strrev.o)
 .bss           0x00000000        0x0 c:/program files (x86)/atmel/avr tools/avr toolchain/bin/../lib/gcc/avr/4.5.1/../../../../avr/lib/avr4\libc.a(strrev.o)
 .text          0x00000000        0x0 c:/program files (x86)/atmel/avr tools/avr toolchain/bin/../lib/gcc/avr/4.5.1/../../../../avr/lib/avr4\libc.a(eerd_block_atmega8.o)
 .data          0x00000000        0x0 c:/program files (x86)/atmel/avr tools/avr toolchain/bin/../lib/gcc/avr/4.5.1/../../../../avr/lib/avr4\libc.a(eerd_block_atmega8.o)
 .bss           0x00000000        0x0 c:/program files (x86)/atmel/avr tools/avr toolchain/bin/../lib/gcc/avr/4.5.1/../../../../avr/lib/avr4\libc.a(eerd_block_atmega8.o)
 .text          0x00000000        0x0 c:/program files (x86)/atmel/avr tools/avr toolchain/bin/../lib/gcc/avr/4.5.1/../../../../avr/lib/avr4\libc.a(eewr_byte_atmega8.o)
 .data          0x00000000        0x0 c:/program files (x86)/atmel/avr tools/avr toolchain/bin/../lib/gcc/avr/4.5.1/../../../../avr/lib/avr4\libc.a(eewr_byte_atmega8.o)
 .bss           0x00000000        0x0 c:/program files (x86)/atmel/avr tools/avr toolchain/bin/../lib/gcc/avr/4.5.1/../../../../avr/lib/avr4\libc.a(eewr_byte_atmega8.o)

Memory Configuration

Name             Origin             Length             Attributes
text             0x00000000         0x00002000         xr
data             0x00800060         0x0000ffa0         rw !x
eeprom           0x00810000         0x00010000         rw !x
fuse             0x00820000         0x00000400         rw !x
lock             0x00830000         0x00000400         rw !x
signature        0x00840000         0x00000400         rw !x
*default*        0x00000000         0xffffffff

Linker script and memory map

LOAD c:/program files (x86)/atmel/avr tools/avr toolchain/bin/../lib/gcc/avr/4.5.1/../../../../avr/lib/avr4/crtm8.o
LOAD 74hc595.o
LOAD parser.o
LOAD Li-ionTester.o
LOAD lcd_lib_2.o
LOAD buttons.o
LOAD usart.o
START GROUP
END GROUP
LOAD c:/program files (x86)/atmel/avr tools/avr toolchain/bin/../lib/gcc/avr/4.5.1/avr4\libgcc.a
LOAD c:/program files (x86)/atmel/avr tools/avr toolchain/bin/../lib/gcc/avr/4.5.1/../../../../avr/lib/avr4\libc.a
LOAD c:/program files (x86)/atmel/avr tools/avr toolchain/bin/../lib/gcc/avr/4.5.1/avr4\libgcc.a

.hash
 *(.hash)

.dynsym
 *(.dynsym)

.dynstr
 *(.dynstr)

.gnu.version
 *(.gnu.version)

.gnu.version_d
 *(.gnu.version_d)

.gnu.version_r
 *(.gnu.version_r)

.rel.init
 *(.rel.init)

.rela.init
 *(.rela.init)

.rel.text
 *(.rel.text)
 *(.rel.text.*)
 *(.rel.gnu.linkonce.t*)

.rela.text
 *(.rela.text)
 *(.rela.text.*)
 *(.rela.gnu.linkonce.t*)

.rel.fini
 *(.rel.fini)

.rela.fini
 *(.rela.fini)

.rel.rodata
 *(.rel.rodata)
 *(.rel.rodata.*)
 *(.rel.gnu.linkonce.r*)

.rela.rodata
 *(.rela.rodata)
 *(.rela.rodata.*)
 *(.rela.gnu.linkonce.r*)

.rel.data
 *(.rel.data)
 *(.rel.data.*)
 *(.rel.gnu.linkonce.d*)

.rela.data
 *(.rela.data)
 *(.rela.data.*)
 *(.rela.gnu.linkonce.d*)

.rel.ctors
 *(.rel.ctors)

.rela.ctors
 *(.rela.ctors)

.rel.dtors
 *(.rel.dtors)

.rela.dtors
 *(.rela.dtors)

.rel.got
 *(.rel.got)

.rela.got
 *(.rela.got)

.rel.bss
 *(.rel.bss)

.rela.bss
 *(.rela.bss)

.rel.plt
 *(.rel.plt)

.rela.plt
 *(.rela.plt)

.text           0x00000000     0x17c4
 *(.vectors)
 .vectors       0x00000000       0x26 c:/program files (x86)/atmel/avr tools/avr toolchain/bin/../lib/gcc/avr/4.5.1/../../../../avr/lib/avr4/crtm8.o
                0x00000000                __vector_default
                0x00000000                __vectors
 *(.vectors)
 *(.progmem.gcc*)
 *(.progmem*)
 .progmem.data  0x00000026       0x10 Li-ionTester.o
                0x00000026                leftArrow
                0x0000002e                rightArrow
                0x00000036                . = ALIGN (0x2)
                0x00000036                __trampolines_start = .
 *(.trampolines)
 .trampolines   0x00000036        0x0 linker stubs
 *(.trampolines*)
                0x00000036                __trampolines_end = .
 *(.jumptables)
 *(.jumptables*)
 *(.lowtext)
 *(.lowtext*)
                0x00000036                __ctors_start = .
 *(.ctors)
                0x00000036                __ctors_end = .
                0x00000036                __dtors_start = .
 *(.dtors)
                0x00000036                __dtors_end = .
 SORT(*)(.ctors)
 SORT(*)(.dtors)
 *(.init0)
 .init0         0x00000036        0x0 c:/program files (x86)/atmel/avr tools/avr toolchain/bin/../lib/gcc/avr/4.5.1/../../../../avr/lib/avr4/crtm8.o
                0x00000036                __init
 *(.init0)
 *(.init1)
 *(.init1)
 *(.init2)
 .init2         0x00000036        0xc c:/program files (x86)/atmel/avr tools/avr toolchain/bin/../lib/gcc/avr/4.5.1/../../../../avr/lib/avr4/crtm8.o
 *(.init2)
 *(.init3)
 *(.init3)
 *(.init4)
 .init4         0x00000042       0x16 c:/program files (x86)/atmel/avr tools/avr toolchain/bin/../lib/gcc/avr/4.5.1/avr4\libgcc.a(_copy_data.o)
                0x00000042                __do_copy_data
 .init4         0x00000058       0x10 c:/program files (x86)/atmel/avr tools/avr toolchain/bin/../lib/gcc/avr/4.5.1/avr4\libgcc.a(_clear_bss.o)
                0x00000058                __do_clear_bss
 *(.init4)
 *(.init5)
 *(.init5)
 *(.init6)
 *(.init6)
 *(.init7)
 *(.init7)
 *(.init8)
 *(.init8)
 *(.init9)
 .init9         0x00000068        0x4 c:/program files (x86)/atmel/avr tools/avr toolchain/bin/../lib/gcc/avr/4.5.1/../../../../avr/lib/avr4/crtm8.o
 *(.init9)
 *(.text)
 .text          0x0000006c        0x2 c:/program files (x86)/atmel/avr tools/avr toolchain/bin/../lib/gcc/avr/4.5.1/../../../../avr/lib/avr4/crtm8.o
                0x0000006c                __vector_1
                0x0000006c                __bad_interrupt
                0x0000006c                __vector_6
                0x0000006c                __vector_3
                0x0000006c                __vector_13
                0x0000006c                __vector_17
                0x0000006c                __vector_7
                0x0000006c                __vector_5
                0x0000006c                __vector_9
                0x0000006c                __vector_2
                0x0000006c                __vector_15
                0x0000006c                __vector_8
                0x0000006c                __vector_14
                0x0000006c                __vector_10
                0x0000006c                __vector_16
                0x0000006c                __vector_18
                0x0000006e                . = ALIGN (0x2)
 *(.text.*)
 .text.ShiftRegisterInit
                0x0000006e        0xe 74hc595.o
                0x0000006e                ShiftRegisterInit
 .text.ShiftRegisterSend
                0x0000007c       0x24 74hc595.o
                0x0000007c                ShiftRegisterSend
 .text.ShiftDigitalWrite
                0x000000a0       0x3a 74hc595.o
                0x000000a0                ShiftDigitalWrite
 .text.ShiftDigitalWritePort
                0x000000da        0xc 74hc595.o
                0x000000da                ShiftDigitalWritePort
 .text.ShiftDigitalGetPort
                0x000000e6        0xa 74hc595.o
                0x000000e6                ShiftDigitalGetPort
 .text.PARS_Init
                0x000000f0       0x1a parser.o
                0x000000f0                PARS_Init
 .text.PARS_Parser
                0x0000010a       0xc4 parser.o
                0x0000010a                PARS_Parser
 .text.PARS_StrToUint
                0x000001ce       0x46 parser.o
                0x000001ce                PARS_StrToUint
 .text.seconds  0x00000214       0x1a Li-ionTester.o
                0x00000214                seconds
 .text.PARS_Handler
                0x0000022e       0x84 Li-ionTester.o
                0x0000022e                PARS_Handler
 .text.t2_init  0x000002b2       0x16 Li-ionTester.o
                0x000002b2                t2_init
 .text.read_adc
                0x000002c8       0x3c Li-ionTester.o
                0x000002c8                read_adc
 .text.printUL  0x00000304       0x12 Li-ionTester.o
                0x00000304                printUL
 .text.printUARTLCD
                0x00000316       0x2a Li-ionTester.o
                0x00000316                printUARTLCD
 .text.printITime
                0x00000340       0x22 Li-ionTester.o
                0x00000340                printITime
 .text.printVoltage
                0x00000362       0xb0 Li-ionTester.o
                0x00000362                printVoltage
 .text.coolerCalc
                0x00000412       0x76 Li-ionTester.o
                0x00000412                coolerCalc
 .text.checkBattery
                0x00000488       0xb8 Li-ionTester.o
                0x00000488                checkBattery
 .text.Reset_Button
                0x00000540       0x2c Li-ionTester.o
                0x00000540                Reset_Button
 .text.checkTempPotection
                0x0000056c       0x6c Li-ionTester.o
                0x0000056c                checkTempPotection
 .text.printCapacity
                0x000005d8       0xec Li-ionTester.o
                0x000005d8                printCapacity
 .text.Charge_battery
                0x000006c4       0xe8 Li-ionTester.o
                0x000006c4                Charge_battery
 .text.checkEndVoltage
                0x000007ac      0x176 Li-ionTester.o
                0x000007ac                checkEndVoltage
 .text.printVADialig
                0x00000922      0x1ae Li-ionTester.o
                0x00000922                printVADialig
 .text.__vector_4
                0x00000ad0       0x50 Li-ionTester.o
                0x00000ad0                __vector_4
 .text.main     0x00000b20      0x572 Li-ionTester.o
                0x00000b20                main
 .text.LCD_CommonFunc
                0x00001092       0x98 lcd_lib_2.o
 .text.LCD_WriteComInit
                0x0000112a       0x64 lcd_lib_2.o
                0x0000112a                LCD_WriteComInit
 .text.LCD_WriteCom
                0x0000118e       0x22 lcd_lib_2.o
                0x0000118e                LCD_WriteCom
 .text.LCD_WriteData
                0x000011b0       0x22 lcd_lib_2.o
                0x000011b0                LCD_WriteData
 .text.LCD_Init
                0x000011d2       0x46 lcd_lib_2.o
                0x000011d2                LCD_Init
 .text.LCD_SendStr
                0x00001218       0x26 lcd_lib_2.o
                0x00001218                LCD_SendStr
 .text.LCD_SetUserChar
                0x0000123e       0x42 lcd_lib_2.o
                0x0000123e                LCD_SetUserChar
 .text.PutBut   0x00001280       0x28 buttons.o
 .text.BUT_Check
                0x000012a8      0x108 buttons.o
 .text.BUT_GetBut
                0x000013b0       0x2a buttons.o
                0x000013b0                BUT_GetBut
 .text.BUT_Init
                0x000013da       0x6a buttons.o
                0x000013da                BUT_Init
 .text.BUT_Poll
                0x00001444       0x26 buttons.o
                0x00001444                BUT_Poll
 .text.USART_Init
                0x0000146a       0x6e usart.o
                0x0000146a                USART_Init
 .text.USART_PutChar
                0x000014d8       0x4c usart.o
                0x000014d8                USART_PutChar
 .text.USART_SendStr
                0x00001524       0x26 usart.o
                0x00001524                USART_SendStr
 .text.__vector_12
                0x0000154a       0x5a usart.o
                0x0000154a                __vector_12
 .text.USART_GetRxCount
                0x000015a4        0x6 usart.o
                0x000015a4                USART_GetRxCount
 .text.USART_GetChar
                0x000015aa       0x3a usart.o
                0x000015aa                USART_GetChar
 .text.__vector_11
                0x000015e4       0x5a usart.o
                0x000015e4                __vector_11
 .text.libgcc   0x0000163e       0x3e c:/program files (x86)/atmel/avr tools/avr toolchain/bin/../lib/gcc/avr/4.5.1/avr4\libgcc.a(_mulsi3.o)
                0x0000163e                __mulsi3
 .text.libgcc   0x0000167c       0x28 c:/program files (x86)/atmel/avr tools/avr toolchain/bin/../lib/gcc/avr/4.5.1/avr4\libgcc.a(_udivmodhi4.o)
                0x0000167c                __udivmodhi4
 .text.libgcc   0x000016a4       0x44 c:/program files (x86)/atmel/avr tools/avr toolchain/bin/../lib/gcc/avr/4.5.1/avr4\libgcc.a(_udivmodsi4.o)
                0x000016a4                __udivmodsi4
 .text.avr-libc
                0x000016e8       0x64 c:/program files (x86)/atmel/avr tools/avr toolchain/bin/../lib/gcc/avr/4.5.1/../../../../avr/lib/avr4\libc.a(ltoa.o)
                0x000016e8                ltoa
 .text.avr-libc
                0x0000174c        0xa c:/program files (x86)/atmel/avr tools/avr toolchain/bin/../lib/gcc/avr/4.5.1/../../../../avr/lib/avr4\libc.a(eerd_dword_atmega8.o)
                0x0000174c                __eerd_dword_m8
                0x0000174c                __eerd_float_m8
 .text.avr-libc
                0x00001756        0xa c:/program files (x86)/atmel/avr tools/avr toolchain/bin/../lib/gcc/avr/4.5.1/../../../../avr/lib/avr4\libc.a(eewr_dword_atmega8.o)
                0x00001756                __eewr_float_m8
                0x00001756                __eewr_dword_m8
 .text.avr-libc
                0x00001760        0x6 c:/program files (x86)/atmel/avr tools/avr toolchain/bin/../lib/gcc/avr/4.5.1/../../../../avr/lib/avr4\libc.a(eewr_word_atmega8.o)
                0x00001760                __eewr_word_m8
 .text.avr-libc
                0x00001766       0x20 c:/program files (x86)/atmel/avr tools/avr toolchain/bin/../lib/gcc/avr/4.5.1/../../../../avr/lib/avr4\libc.a(strrev.o)
                0x00001766                strrev
 .text.avr-libc
                0x00001786       0x20 c:/program files (x86)/atmel/avr tools/avr toolchain/bin/../lib/gcc/avr/4.5.1/../../../../avr/lib/avr4\libc.a(eerd_block_atmega8.o)
                0x00001786                __eerd_block_m8
                0x0000178a                __eerd_blraw_m8
 .text.avr-libc
                0x000017a6       0x1a c:/program files (x86)/atmel/avr tools/avr toolchain/bin/../lib/gcc/avr/4.5.1/../../../../avr/lib/avr4\libc.a(eewr_byte_atmega8.o)
                0x000017a6                __eewr_byte_m8
                0x000017a8                __eewr_r18_m8
                0x000017c0                . = ALIGN (0x2)
 *(.fini9)
 .fini9         0x000017c0        0x0 c:/program files (x86)/atmel/avr tools/avr toolchain/bin/../lib/gcc/avr/4.5.1/avr4\libgcc.a(_exit.o)
                0x000017c0                _exit
                0x000017c0                exit
 *(.fini9)
 *(.fini8)
 *(.fini8)
 *(.fini7)
 *(.fini7)
 *(.fini6)
 *(.fini6)
 *(.fini5)
 *(.fini5)
 *(.fini4)
 *(.fini4)
 *(.fini3)
 *(.fini3)
 *(.fini2)
 *(.fini2)
 *(.fini1)
 *(.fini1)
 *(.fini0)
 .fini0         0x000017c0        0x4 c:/program files (x86)/atmel/avr tools/avr toolchain/bin/../lib/gcc/avr/4.5.1/avr4\libgcc.a(_exit.o)
 *(.fini0)
                0x000017c4                _etext = .

.data           0x00800060      0x2a4 load address 0x000017c4
                0x00800060                PROVIDE (__data_start, .)
 *(.data)
 .data          0x00800060      0x29f Li-ionTester.o
 *(.data*)
 .data.END_Voltage
                0x008002ff        0x2 Li-ionTester.o
                0x008002ff                END_Voltage
 .data.I_set    0x00800301        0x2 Li-ionTester.o
                0x00800301                I_set
 *(.rodata)
 *(.rodata*)
 *(.gnu.linkonce.d*)
                0x00800304                . = ALIGN (0x2)
 *fill*         0x00800303        0x1 00
                0x00800304                _edata = .
                0x00800304                PROVIDE (__data_end, .)

.bss            0x00800304       0x7d
                0x00800304                PROVIDE (__bss_start, .)
 *(.bss)
 *(.bss*)
 .bss.ShiftPORT
                0x00800304        0x1 74hc595.o
                0x00800304                ShiftPORT
 .bss.inc       0x00800305        0x1 parser.o
                0x00800305                inc
 .bss.flag      0x00800306        0x1 parser.o
                0x00800306                flag
 .bss.seconds_timer2
                0x00800307        0x4 Li-ionTester.o
                0x00800307                seconds_timer2
 .bss.interrupt_data
                0x0080030b        0x1 Li-ionTester.o
                0x0080030b                interrupt_data
 .bss.charge_before
                0x0080030c        0x1 Li-ionTester.o
                0x0080030c                charge_before
 .bss.LastCapacity
                0x0080030d        0x4 Li-ionTester.o
                0x0080030d                LastCapacity
 .bss.minutes   0x00800311        0x4 Li-ionTester.o
                0x00800311                minutes
 .bss.Capacity  0x00800315        0x4 Li-ionTester.o
                0x00800315                Capacity
 .bss.I         0x00800319        0x4 Li-ionTester.o
                0x00800319                I
 .bss.Voltage   0x0080031d        0x4 Li-ionTester.o
                0x0080031d                Voltage
 .bss.i         0x00800321        0x1 Li-ionTester.o
                0x00800321                i
 .bss.button_event
                0x00800322        0x1 Li-ionTester.o
                0x00800322                button_event
 .bss.one_char_buffer
                0x00800323        0x1 Li-ionTester.o
                0x00800323                one_char_buffer
 .bss.dialog_id
                0x00800324        0x1 Li-ionTester.o
                0x00800324                dialog_id
 .bss.int_buffer
                0x00800325        0x2 Li-ionTester.o
                0x00800325                int_buffer
 .bss.V_        0x00800327        0x1 Li-ionTester.o
                0x00800327                V_
 .bss.value_parsed_success
                0x00800328        0x1 Li-ionTester.o
                0x00800328                value_parsed_success
 .bss.cooler    0x00800329        0x2 Li-ionTester.o
                0x00800329                cooler
 .bss.start_cool
                0x0080032b        0x1 Li-ionTester.o
                0x0080032b                start_cool
 .bss.stateBut  0x0080032c        0x3 buttons.o
 .bss.countHold
                0x0080032f        0x3 buttons.o
 .bss.countHoldTmp
                0x00800332        0x1 buttons.o
 .bss.countDeb  0x00800333        0x6 buttons.o
 .bss.countDebTmp
                0x00800339        0x2 buttons.o
 .bss.count     0x0080033b        0x1 buttons.o
 .bss.head      0x0080033c        0x1 buttons.o
 .bss.buf       0x0080033d        0x8 buttons.o
 .bss.tail      0x00800345        0x1 buttons.o
 .bss.rxCount   0x00800346        0x1 usart.o
 .bss.rxBufTail
                0x00800347        0x1 usart.o
 .bss.usartRxBuf
                0x00800348       0x10 usart.o
 .bss.rxBufHead
                0x00800358        0x1 usart.o
 .bss.txCount   0x00800359        0x1 usart.o
 .bss.txBufHead
                0x0080035a        0x1 usart.o
 .bss.usartTxBuf
                0x0080035b       0x10 usart.o
 .bss.txBufTail
                0x0080036b        0x1 usart.o
 *(COMMON)
 COMMON         0x0080036c       0x15 parser.o
                0x0080036c                argv
                0x00800370                argc
                0x00800371                buf
                0x00800381                PROVIDE (__bss_end, .)
                0x000017c4                __data_load_start = LOADADDR (.data)
                0x00001a68                __data_load_end = (__data_load_start + SIZEOF (.data))

.noinit         0x00800381        0x0
                0x00800381                PROVIDE (__noinit_start, .)
 *(.noinit*)
                0x00800381                PROVIDE (__noinit_end, .)
                0x00800381                _end = .
                0x00800381                PROVIDE (__heap_start, .)

.eeprom         0x00810000        0xc
 *(.eeprom*)
 .eeprom        0x00810000        0xc Li-ionTester.o
                0x00810000                eeLastCapacity
                0x00810004                eeI
                0x00810008                eeEND_Voltage
                0x0081000c                __eeprom_end = .

.fuse
 *(.fuse)
 *(.lfuse)
 *(.hfuse)
 *(.efuse)

.lock
 *(.lock*)

.signature
 *(.signature*)

.stab           0x00000000      0xd5c
 *(.stab)
 .stab          0x00000000      0x6cc c:/program files (x86)/atmel/avr tools/avr toolchain/bin/../lib/gcc/avr/4.5.1/../../../../avr/lib/avr4/crtm8.o
 .stab          0x000006cc      0x294 c:/program files (x86)/atmel/avr tools/avr toolchain/bin/../lib/gcc/avr/4.5.1/../../../../avr/lib/avr4\libc.a(ltoa.o)
                                0x2a0 (size before relaxing)
 .stab          0x00000960       0x78 c:/program files (x86)/atmel/avr tools/avr toolchain/bin/../lib/gcc/avr/4.5.1/../../../../avr/lib/avr4\libc.a(eerd_dword_atmega8.o)
                                 0x84 (size before relaxing)
 .stab          0x000009d8       0x78 c:/program files (x86)/atmel/avr tools/avr toolchain/bin/../lib/gcc/avr/4.5.1/../../../../avr/lib/avr4\libc.a(eewr_dword_atmega8.o)
                                 0x84 (size before relaxing)
 .stab          0x00000a50       0x54 c:/program files (x86)/atmel/avr tools/avr toolchain/bin/../lib/gcc/avr/4.5.1/../../../../avr/lib/avr4\libc.a(eewr_word_atmega8.o)
                                 0x60 (size before relaxing)
 .stab          0x00000aa4       0xd8 c:/program files (x86)/atmel/avr tools/avr toolchain/bin/../lib/gcc/avr/4.5.1/../../../../avr/lib/avr4\libc.a(strrev.o)
                                 0xe4 (size before relaxing)
 .stab          0x00000b7c      0x108 c:/program files (x86)/atmel/avr tools/avr toolchain/bin/../lib/gcc/avr/4.5.1/../../../../avr/lib/avr4\libc.a(eerd_block_atmega8.o)
                                0x114 (size before relaxing)
 .stab          0x00000c84       0xd8 c:/program files (x86)/atmel/avr tools/avr toolchain/bin/../lib/gcc/avr/4.5.1/../../../../avr/lib/avr4\libc.a(eewr_byte_atmega8.o)
                                 0xe4 (size before relaxing)

.stabstr        0x00000000      0x33f
 *(.stabstr)
 .stabstr       0x00000000      0x33f c:/program files (x86)/atmel/avr tools/avr toolchain/bin/../lib/gcc/avr/4.5.1/../../../../avr/lib/avr4/crtm8.o

.stab.excl
 *(.stab.excl)

.stab.exclstr
 *(.stab.exclstr)

.stab.index
 *(.stab.index)

.stab.indexstr
 *(.stab.indexstr)

.comment
 *(.comment)

.debug
 *(.debug)

.line
 *(.line)

.debug_srcinfo
 *(.debug_srcinfo)

.debug_sfnames
 *(.debug_sfnames)

.debug_aranges  0x00000000      0x240
 *(.debug_aranges)
 .debug_aranges
                0x00000000       0x40 74hc595.o
 .debug_aranges
                0x00000040       0x48 parser.o
 .debug_aranges
                0x00000088       0xb0 Li-ionTester.o
 .debug_aranges
                0x00000138       0x58 lcd_lib_2.o
 .debug_aranges
                0x00000190       0x40 buttons.o
 .debug_aranges
                0x000001d0       0x70 usart.o

.debug_pubnames
                0x00000000      0x5a2
 *(.debug_pubnames)
 .debug_pubnames
                0x00000000       0x94 74hc595.o
 .debug_pubnames
                0x00000094       0xa8 parser.o
 .debug_pubnames
                0x0000013c      0x2b5 Li-ionTester.o
 .debug_pubnames
                0x000003f1       0x8d lcd_lib_2.o
 .debug_pubnames
                0x0000047e       0x3b buttons.o
 .debug_pubnames
                0x000004b9       0xe9 usart.o

.debug_info     0x00000000     0x1c5b
 *(.debug_info)
 .debug_info    0x00000000      0x1c8 74hc595.o
 .debug_info    0x000001c8      0x2f5 parser.o
 .debug_info    0x000004bd      0xc36 Li-ionTester.o
 .debug_info    0x000010f3      0x5c6 lcd_lib_2.o
 .debug_info    0x000016b9      0x246 buttons.o
 .debug_info    0x000018ff      0x35c usart.o
 *(.gnu.linkonce.wi.*)

.debug_abbrev   0x00000000      0x93c
 *(.debug_abbrev)
 .debug_abbrev  0x00000000       0xf5 74hc595.o
 .debug_abbrev  0x000000f5      0x143 parser.o
 .debug_abbrev  0x00000238      0x331 Li-ionTester.o
 .debug_abbrev  0x00000569      0x18a lcd_lib_2.o
 .debug_abbrev  0x000006f3      0x10e buttons.o
 .debug_abbrev  0x00000801      0x13b usart.o

.debug_line     0x00000000     0x1efd
 *(.debug_line)
 .debug_line    0x00000000      0x1fc 74hc595.o
 .debug_line    0x000001fc      0x33d parser.o
 .debug_line    0x00000539      0xe59 Li-ionTester.o
 .debug_line    0x00001392      0x3ef lcd_lib_2.o
 .debug_line    0x00001781      0x376 buttons.o
 .debug_line    0x00001af7      0x406 usart.o

.debug_frame    0x00000000      0x3c0
 *(.debug_frame)
 .debug_frame   0x00000000       0x60 74hc595.o
 .debug_frame   0x00000060       0x70 parser.o
 .debug_frame   0x000000d0      0x140 Li-ionTester.o
 .debug_frame   0x00000210       0x90 lcd_lib_2.o
 .debug_frame   0x000002a0       0x60 buttons.o
 .debug_frame   0x00000300       0xc0 usart.o

.debug_str      0x00000000      0x6a0
 *(.debug_str)
 .debug_str     0x00000000      0x107 74hc595.o
                                0x145 (size before relaxing)
 .debug_str     0x00000107       0x9d parser.o
                                0x153 (size before relaxing)
 .debug_str     0x000001a4      0x2b9 Li-ionTester.o
                                0x3bf (size before relaxing)
 .debug_str     0x0000045d       0x88 lcd_lib_2.o
                                0x1d6 (size before relaxing)
 .debug_str     0x000004e5       0x9a buttons.o
                                0x15a (size before relaxing)
 .debug_str     0x0000057f      0x121 usart.o
                                0x203 (size before relaxing)

.debug_loc      0x00000000     0x105b
 *(.debug_loc)
 .debug_loc     0x00000000      0x13a 74hc595.o
 .debug_loc     0x0000013a      0x219 parser.o
 .debug_loc     0x00000353      0x73a Li-ionTester.o
 .debug_loc     0x00000a8d      0x23f lcd_lib_2.o
 .debug_loc     0x00000ccc      0x203 buttons.o
 .debug_loc     0x00000ecf      0x18c usart.o

.debug_macinfo
 *(.debug_macinfo)
OUTPUT(Li-ionTester.elf elf32-avr)
LOAD linker stubs

.debug_pubtypes
                0x00000000      0x10f
 .debug_pubtypes
                0x00000000       0x1e 74hc595.o
 .debug_pubtypes
                0x0000001e       0x2b parser.o
 .debug_pubtypes
                0x00000049       0x38 Li-ionTester.o
 .debug_pubtypes
                0x00000081       0x38 lcd_lib_2.o
 .debug_pubtypes
                0x000000b9       0x2b buttons.o
 .debug_pubtypes
                0x000000e4       0x2b usart.o

.debug_ranges   0x00000000      0x1f8
 .debug_ranges  0x00000000       0x30 74hc595.o
 .debug_ranges  0x00000030       0x38 parser.o
 .debug_ranges  0x00000068       0xb8 Li-ionTester.o
 .debug_ranges  0x00000120       0x48 lcd_lib_2.o
 .debug_ranges  0x00000168       0x30 buttons.o
 .debug_ranges  0x00000198       0x60 usart.o
