Archive member included because of file (symbol)

c:/program files (x86)/atmel/avr tools/avr toolchain/bin/../lib/gcc/avr/4.5.1/avr4\libgcc.a(_udivmodhi4.o)
                              Li-ionTester.o (__udivmodhi4)
c:/program files (x86)/atmel/avr tools/avr toolchain/bin/../lib/gcc/avr/4.5.1/avr4\libgcc.a(_udivmodsi4.o)
                              Li-ionTester.o (__udivmodsi4)
c:/program files (x86)/atmel/avr tools/avr toolchain/bin/../lib/gcc/avr/4.5.1/avr4\libgcc.a(_exit.o)
                              c:/program files (x86)/atmel/avr tools/avr toolchain/bin/../lib/gcc/avr/4.5.1/../../../../avr/lib/avr4/crtm8.o (exit)
c:/program files (x86)/atmel/avr tools/avr toolchain/bin/../lib/gcc/avr/4.5.1/avr4\libgcc.a(_copy_data.o)
                              Li-ionTester.o (__do_copy_data)
c:/program files (x86)/atmel/avr tools/avr toolchain/bin/../lib/gcc/avr/4.5.1/avr4\libgcc.a(_clear_bss.o)
                              parser.o (__do_clear_bss)
c:/program files (x86)/atmel/avr tools/avr toolchain/bin/../lib/gcc/avr/4.5.1/../../../../avr/lib/avr4\libc.a(ltoa.o)
                              Li-ionTester.o (ltoa)
c:/program files (x86)/atmel/avr tools/avr toolchain/bin/../lib/gcc/avr/4.5.1/../../../../avr/lib/avr4\libc.a(eerd_dword_atmega8.o)
                              Li-ionTester.o (__eerd_dword_m8)
c:/program files (x86)/atmel/avr tools/avr toolchain/bin/../lib/gcc/avr/4.5.1/../../../../avr/lib/avr4\libc.a(eewr_dword_atmega8.o)
                              Li-ionTester.o (__eewr_dword_m8)
c:/program files (x86)/atmel/avr tools/avr toolchain/bin/../lib/gcc/avr/4.5.1/../../../../avr/lib/avr4\libc.a(eewr_word_atmega8.o)
                              c:/program files (x86)/atmel/avr tools/avr toolchain/bin/../lib/gcc/avr/4.5.1/../../../../avr/lib/avr4\libc.a(eewr_dword_atmega8.o) (__eewr_word_m8)
c:/program files (x86)/atmel/avr tools/avr toolchain/bin/../lib/gcc/avr/4.5.1/../../../../avr/lib/avr4\libc.a(strrev.o)
                              c:/program files (x86)/atmel/avr tools/avr toolchain/bin/../lib/gcc/avr/4.5.1/../../../../avr/lib/avr4\libc.a(ltoa.o) (strrev)
c:/program files (x86)/atmel/avr tools/avr toolchain/bin/../lib/gcc/avr/4.5.1/../../../../avr/lib/avr4\libc.a(eerd_block_atmega8.o)
                              c:/program files (x86)/atmel/avr tools/avr toolchain/bin/../lib/gcc/avr/4.5.1/../../../../avr/lib/avr4\libc.a(eerd_dword_atmega8.o) (__eerd_blraw_m8)
c:/program files (x86)/atmel/avr tools/avr toolchain/bin/../lib/gcc/avr/4.5.1/../../../../avr/lib/avr4\libc.a(eewr_byte_atmega8.o)
                              c:/program files (x86)/atmel/avr tools/avr toolchain/bin/../lib/gcc/avr/4.5.1/../../../../avr/lib/avr4\libc.a(eewr_word_atmega8.o) (__eewr_byte_m8)

Allocating common symbols
Common symbol       size              file

argv                0x4               parser.o
argc                0x1               parser.o
buf                 0x10              parser.o

Discarded input sections

 .data          0x00000000        0x0 c:/program files (x86)/atmel/avr tools/avr toolchain/bin/../lib/gcc/avr/4.5.1/../../../../avr/lib/avr4/crtm8.o
 .bss           0x00000000        0x0 c:/program files (x86)/atmel/avr tools/avr toolchain/bin/../lib/gcc/avr/4.5.1/../../../../avr/lib/avr4/crtm8.o
 .text          0x00000000        0x0 parser.o
 .data          0x00000000        0x0 parser.o
 .bss           0x00000000        0x0 parser.o
 .text.PARS_EqualStrFl
                0x00000000       0x32 parser.o
 .text.PARS_EqualStr
                0x00000000       0x38 parser.o
 .text.PARS_StrToUchar
                0x00000000       0x36 parser.o
 .text          0x00000000        0x0 Li-ionTester.o
 .bss           0x00000000        0x0 Li-ionTester.o
 .bss.number_buffer
                0x00000000        0x4 Li-ionTester.o
 .bss.pause_status
                0x00000000        0x1 Li-ionTester.o
 .text          0x00000000        0x0 lcd_lib_2.o
 .data          0x00000000        0x0 lcd_lib_2.o
 .bss           0x00000000        0x0 lcd_lib_2.o
 .text.LCD_SendStrFl
                0x00000000       0x1c lcd_lib_2.o
 .text          0x00000000        0x0 buttons.o
 .data          0x00000000        0x0 buttons.o
 .bss           0x00000000        0x0 buttons.o
 .text          0x00000000        0x0 usart.o
 .data          0x00000000        0x0 usart.o
 .bss           0x00000000        0x0 usart.o
 .text.USART_GetTxCount
                0x00000000        0x6 usart.o
 .text.USART_FlushTxBuf
                0x00000000        0xe usart.o
 .text.USART_SendStrFl
                0x00000000       0x1e usart.o
 .text.USART_FlushRxBuf
                0x00000000        0xe usart.o
 .bss.block     0x00000000        0x1 usart.o
 .text          0x00000000        0x0 c:/program files (x86)/atmel/avr tools/avr toolchain/bin/../lib/gcc/avr/4.5.1/avr4\libgcc.a(_udivmodhi4.o)
 .data          0x00000000        0x0 c:/program files (x86)/atmel/avr tools/avr toolchain/bin/../lib/gcc/avr/4.5.1/avr4\libgcc.a(_udivmodhi4.o)
 .bss           0x00000000        0x0 c:/program files (x86)/atmel/avr tools/avr toolchain/bin/../lib/gcc/avr/4.5.1/avr4\libgcc.a(_udivmodhi4.o)
 .text          0x00000000        0x0 c:/program files (x86)/atmel/avr tools/avr toolchain/bin/../lib/gcc/avr/4.5.1/avr4\libgcc.a(_udivmodsi4.o)
 .data          0x00000000        0x0 c:/program files (x86)/atmel/avr tools/avr toolchain/bin/../lib/gcc/avr/4.5.1/avr4\libgcc.a(_udivmodsi4.o)
 .bss           0x00000000        0x0 c:/program files (x86)/atmel/avr tools/avr toolchain/bin/../lib/gcc/avr/4.5.1/avr4\libgcc.a(_udivmodsi4.o)
 .text          0x00000000        0x0 c:/program files (x86)/atmel/avr tools/avr toolchain/bin/../lib/gcc/avr/4.5.1/avr4\libgcc.a(_exit.o)
 .data          0x00000000        0x0 c:/program files (x86)/atmel/avr tools/avr toolchain/bin/../lib/gcc/avr/4.5.1/avr4\libgcc.a(_exit.o)
 .bss           0x00000000        0x0 c:/program files (x86)/atmel/avr tools/avr toolchain/bin/../lib/gcc/avr/4.5.1/avr4\libgcc.a(_exit.o)
 .text.libgcc   0x00000000        0x0 c:/program files (x86)/atmel/avr tools/avr toolchain/bin/../lib/gcc/avr/4.5.1/avr4\libgcc.a(_exit.o)
 .text          0x00000000        0x0 c:/program files (x86)/atmel/avr tools/avr toolchain/bin/../lib/gcc/avr/4.5.1/avr4\libgcc.a(_copy_data.o)
 .data          0x00000000        0x0 c:/program files (x86)/atmel/avr tools/avr toolchain/bin/../lib/gcc/avr/4.5.1/avr4\libgcc.a(_copy_data.o)
 .bss           0x00000000        0x0 c:/program files (x86)/atmel/avr tools/avr toolchain/bin/../lib/gcc/avr/4.5.1/avr4\libgcc.a(_copy_data.o)
 .text.libgcc   0x00000000        0x0 c:/program files (x86)/atmel/avr tools/avr toolchain/bin/../lib/gcc/avr/4.5.1/avr4\libgcc.a(_copy_data.o)
 .text          0x00000000        0x0 c:/program files (x86)/atmel/avr tools/avr toolchain/bin/../lib/gcc/avr/4.5.1/avr4\libgcc.a(_clear_bss.o)
 .data          0x00000000        0x0 c:/program files (x86)/atmel/avr tools/avr toolchain/bin/../lib/gcc/avr/4.5.1/avr4\libgcc.a(_clear_bss.o)
 .bss           0x00000000        0x0 c:/program files (x86)/atmel/avr tools/avr toolchain/bin/../lib/gcc/avr/4.5.1/avr4\libgcc.a(_clear_bss.o)
 .text.libgcc   0x00000000        0x0 c:/program files (x86)/atmel/avr tools/avr toolchain/bin/../lib/gcc/avr/4.5.1/avr4\libgcc.a(_clear_bss.o)
 .text          0x00000000        0x0 c:/program files (x86)/atmel/avr tools/avr toolchain/bin/../lib/gcc/avr/4.5.1/../../../../avr/lib/avr4\libc.a(ltoa.o)
 .data          0x00000000        0x0 c:/program files (x86)/atmel/avr tools/avr toolchain/bin/../lib/gcc/avr/4.5.1/../../../../avr/lib/avr4\libc.a(ltoa.o)
 .bss           0x00000000        0x0 c:/program files (x86)/atmel/avr tools/avr toolchain/bin/../lib/gcc/avr/4.5.1/../../../../avr/lib/avr4\libc.a(ltoa.o)
 .text          0x00000000        0x0 c:/program files (x86)/atmel/avr tools/avr toolchain/bin/../lib/gcc/avr/4.5.1/../../../../avr/lib/avr4\libc.a(eerd_dword_atmega8.o)
 .data          0x00000000        0x0 c:/program files (x86)/atmel/avr tools/avr toolchain/bin/../lib/gcc/avr/4.5.1/../../../../avr/lib/avr4\libc.a(eerd_dword_atmega8.o)
 .bss           0x00000000        0x0 c:/program files (x86)/atmel/avr tools/avr toolchain/bin/../lib/gcc/avr/4.5.1/../../../../avr/lib/avr4\libc.a(eerd_dword_atmega8.o)
 .text          0x00000000        0x0 c:/program files (x86)/atmel/avr tools/avr toolchain/bin/../lib/gcc/avr/4.5.1/../../../../avr/lib/avr4\libc.a(eewr_dword_atmega8.o)
 .data          0x00000000        0x0 c:/program files (x86)/atmel/avr tools/avr toolchain/bin/../lib/gcc/avr/4.5.1/../../../../avr/lib/avr4\libc.a(eewr_dword_atmega8.o)
 .bss           0x00000000        0x0 c:/program files (x86)/atmel/avr tools/avr toolchain/bin/../lib/gcc/avr/4.5.1/../../../../avr/lib/avr4\libc.a(eewr_dword_atmega8.o)
 .text          0x00000000        0x0 c:/program files (x86)/atmel/avr tools/avr toolchain/bin/../lib/gcc/avr/4.5.1/../../../../avr/lib/avr4\libc.a(eewr_word_atmega8.o)
 .data          0x00000000        0x0 c:/program files (x86)/atmel/avr tools/avr toolchain/bin/../lib/gcc/avr/4.5.1/../../../../avr/lib/avr4\libc.a(eewr_word_atmega8.o)
 .bss           0x00000000        0x0 c:/program files (x86)/atmel/avr tools/avr toolchain/bin/../lib/gcc/avr/4.5.1/../../../../avr/lib/avr4\libc.a(eewr_word_atmega8.o)
 .text          0x00000000        0x0 c:/program files (x86)/atmel/avr tools/avr toolchain/bin/../lib/gcc/avr/4.5.1/../../../../avr/lib/avr4\libc.a(strrev.o)
 .data          0x00000000        0x0 c:/program files (x86)/atmel/avr tools/avr toolchain/bin/../lib/gcc/avr/4.5.1/../../../../avr/lib/avr4\libc.a(strrev.o)
 .bss           0x00000000        0x0 c:/program files (x86)/atmel/avr tools/avr toolchain/bin/../lib/gcc/avr/4.5.1/../../../../avr/lib/avr4\libc.a(strrev.o)
 .text          0x00000000        0x0 c:/program files (x86)/atmel/avr tools/avr toolchain/bin/../lib/gcc/avr/4.5.1/../../../../avr/lib/avr4\libc.a(eerd_block_atmega8.o)
 .data          0x00000000        0x0 c:/program files (x86)/atmel/avr tools/avr toolchain/bin/../lib/gcc/avr/4.5.1/../../../../avr/lib/avr4\libc.a(eerd_block_atmega8.o)
 .bss           0x00000000        0x0 c:/program files (x86)/atmel/avr tools/avr toolchain/bin/../lib/gcc/avr/4.5.1/../../../../avr/lib/avr4\libc.a(eerd_block_atmega8.o)
 .text          0x00000000        0x0 c:/program files (x86)/atmel/avr tools/avr toolchain/bin/../lib/gcc/avr/4.5.1/../../../../avr/lib/avr4\libc.a(eewr_byte_atmega8.o)
 .data          0x00000000        0x0 c:/program files (x86)/atmel/avr tools/avr toolchain/bin/../lib/gcc/avr/4.5.1/../../../../avr/lib/avr4\libc.a(eewr_byte_atmega8.o)
 .bss           0x00000000        0x0 c:/program files (x86)/atmel/avr tools/avr toolchain/bin/../lib/gcc/avr/4.5.1/../../../../avr/lib/avr4\libc.a(eewr_byte_atmega8.o)

Memory Configuration

Name             Origin             Length             Attributes
text             0x00000000         0x00002000         xr
data             0x00800060         0x0000ffa0         rw !x
eeprom           0x00810000         0x00010000         rw !x
fuse             0x00820000         0x00000400         rw !x
lock             0x00830000         0x00000400         rw !x
signature        0x00840000         0x00000400         rw !x
*default*        0x00000000         0xffffffff

Linker script and memory map

LOAD c:/program files (x86)/atmel/avr tools/avr toolchain/bin/../lib/gcc/avr/4.5.1/../../../../avr/lib/avr4/crtm8.o
LOAD parser.o
LOAD Li-ionTester.o
LOAD lcd_lib_2.o
LOAD buttons.o
LOAD usart.o
START GROUP
END GROUP
LOAD c:/program files (x86)/atmel/avr tools/avr toolchain/bin/../lib/gcc/avr/4.5.1/avr4\libgcc.a
LOAD c:/program files (x86)/atmel/avr tools/avr toolchain/bin/../lib/gcc/avr/4.5.1/../../../../avr/lib/avr4\libc.a
LOAD c:/program files (x86)/atmel/avr tools/avr toolchain/bin/../lib/gcc/avr/4.5.1/avr4\libgcc.a

.hash
 *(.hash)

.dynsym
 *(.dynsym)

.dynstr
 *(.dynstr)

.gnu.version
 *(.gnu.version)

.gnu.version_d
 *(.gnu.version_d)

.gnu.version_r
 *(.gnu.version_r)

.rel.init
 *(.rel.init)

.rela.init
 *(.rela.init)

.rel.text
 *(.rel.text)
 *(.rel.text.*)
 *(.rel.gnu.linkonce.t*)

.rela.text
 *(.rela.text)
 *(.rela.text.*)
 *(.rela.gnu.linkonce.t*)

.rel.fini
 *(.rel.fini)

.rela.fini
 *(.rela.fini)

.rel.rodata
 *(.rel.rodata)
 *(.rel.rodata.*)
 *(.rel.gnu.linkonce.r*)

.rela.rodata
 *(.rela.rodata)
 *(.rela.rodata.*)
 *(.rela.gnu.linkonce.r*)

.rel.data
 *(.rel.data)
 *(.rel.data.*)
 *(.rel.gnu.linkonce.d*)

.rela.data
 *(.rela.data)
 *(.rela.data.*)
 *(.rela.gnu.linkonce.d*)

.rel.ctors
 *(.rel.ctors)

.rela.ctors
 *(.rela.ctors)

.rel.dtors
 *(.rel.dtors)

.rela.dtors
 *(.rela.dtors)

.rel.got
 *(.rel.got)

.rela.got
 *(.rela.got)

.rel.bss
 *(.rel.bss)

.rela.bss
 *(.rela.bss)

.rel.plt
 *(.rel.plt)

.rela.plt
 *(.rela.plt)

.text           0x00000000     0x15cc
 *(.vectors)
 .vectors       0x00000000       0x26 c:/program files (x86)/atmel/avr tools/avr toolchain/bin/../lib/gcc/avr/4.5.1/../../../../avr/lib/avr4/crtm8.o
                0x00000000                __vector_default
                0x00000000                __vectors
 *(.vectors)
 *(.progmem.gcc*)
 *(.progmem*)
 .progmem.data  0x00000026       0x10 Li-ionTester.o
                0x00000026                leftArrow
                0x0000002e                rightArrow
                0x00000036                . = ALIGN (0x2)
                0x00000036                __trampolines_start = .
 *(.trampolines)
 .trampolines   0x00000036        0x0 linker stubs
 *(.trampolines*)
                0x00000036                __trampolines_end = .
 *(.jumptables)
 *(.jumptables*)
 *(.lowtext)
 *(.lowtext*)
                0x00000036                __ctors_start = .
 *(.ctors)
                0x00000036                __ctors_end = .
                0x00000036                __dtors_start = .
 *(.dtors)
                0x00000036                __dtors_end = .
 SORT(*)(.ctors)
 SORT(*)(.dtors)
 *(.init0)
 .init0         0x00000036        0x0 c:/program files (x86)/atmel/avr tools/avr toolchain/bin/../lib/gcc/avr/4.5.1/../../../../avr/lib/avr4/crtm8.o
                0x00000036                __init
 *(.init0)
 *(.init1)
 *(.init1)
 *(.init2)
 .init2         0x00000036        0xc c:/program files (x86)/atmel/avr tools/avr toolchain/bin/../lib/gcc/avr/4.5.1/../../../../avr/lib/avr4/crtm8.o
 *(.init2)
 *(.init3)
 *(.init3)
 *(.init4)
 .init4         0x00000042       0x16 c:/program files (x86)/atmel/avr tools/avr toolchain/bin/../lib/gcc/avr/4.5.1/avr4\libgcc.a(_copy_data.o)
                0x00000042                __do_copy_data
 .init4         0x00000058       0x10 c:/program files (x86)/atmel/avr tools/avr toolchain/bin/../lib/gcc/avr/4.5.1/avr4\libgcc.a(_clear_bss.o)
                0x00000058                __do_clear_bss
 *(.init4)
 *(.init5)
 *(.init5)
 *(.init6)
 *(.init6)
 *(.init7)
 *(.init7)
 *(.init8)
 *(.init8)
 *(.init9)
 .init9         0x00000068        0x4 c:/program files (x86)/atmel/avr tools/avr toolchain/bin/../lib/gcc/avr/4.5.1/../../../../avr/lib/avr4/crtm8.o
 *(.init9)
 *(.text)
 .text          0x0000006c        0x2 c:/program files (x86)/atmel/avr tools/avr toolchain/bin/../lib/gcc/avr/4.5.1/../../../../avr/lib/avr4/crtm8.o
                0x0000006c                __vector_1
                0x0000006c                __bad_interrupt
                0x0000006c                __vector_6
                0x0000006c                __vector_3
                0x0000006c                __vector_13
                0x0000006c                __vector_17
                0x0000006c                __vector_7
                0x0000006c                __vector_5
                0x0000006c                __vector_9
                0x0000006c                __vector_2
                0x0000006c                __vector_15
                0x0000006c                __vector_8
                0x0000006c                __vector_14
                0x0000006c                __vector_10
                0x0000006c                __vector_16
                0x0000006c                __vector_18
                0x0000006e                . = ALIGN (0x2)
 *(.text.*)
 .text.PARS_Init
                0x0000006e       0x1a parser.o
                0x0000006e                PARS_Init
 .text.PARS_Parser
                0x00000088       0xc4 parser.o
                0x00000088                PARS_Parser
 .text.PARS_StrToUint
                0x0000014c       0x46 parser.o
                0x0000014c                PARS_StrToUint
 .text.seconds  0x00000192       0x1a Li-ionTester.o
                0x00000192                seconds
 .text.PARS_Handler
                0x000001ac       0x84 Li-ionTester.o
                0x000001ac                PARS_Handler
 .text.t2_init  0x00000230       0x16 Li-ionTester.o
                0x00000230                t2_init
 .text.read_adc
                0x00000246       0x3c Li-ionTester.o
                0x00000246                read_adc
 .text.printUL  0x00000282       0x12 Li-ionTester.o
                0x00000282                printUL
 .text.printUARTLCD
                0x00000294       0x2a Li-ionTester.o
                0x00000294                printUARTLCD
 .text.printITime
                0x000002be       0x22 Li-ionTester.o
                0x000002be                printITime
 .text.printVoltage
                0x000002e0       0xb0 Li-ionTester.o
                0x000002e0                printVoltage
 .text.checkBattery
                0x00000390       0x9c Li-ionTester.o
                0x00000390                checkBattery
 .text.Reset_Button
                0x0000042c       0x18 Li-ionTester.o
                0x0000042c                Reset_Button
 .text.checkTempPotection
                0x00000444       0x62 Li-ionTester.o
                0x00000444                checkTempPotection
 .text.printCapacity
                0x000004a6       0xec Li-ionTester.o
                0x000004a6                printCapacity
 .text.Charge_battery
                0x00000592       0xce Li-ionTester.o
                0x00000592                Charge_battery
 .text.checkEndVoltage
                0x00000660      0x16a Li-ionTester.o
                0x00000660                checkEndVoltage
 .text.printVADialig
                0x000007ca      0x1ae Li-ionTester.o
                0x000007ca                printVADialig
 .text.__vector_4
                0x00000978       0x50 Li-ionTester.o
                0x00000978                __vector_4
 .text.main     0x000009c8      0x55c Li-ionTester.o
                0x000009c8                main
 .text.LCD_CommonFunc
                0x00000f24       0x76 lcd_lib_2.o
 .text.LCD_WriteComInit
                0x00000f9a       0x44 lcd_lib_2.o
                0x00000f9a                LCD_WriteComInit
 .text.LCD_WriteCom
                0x00000fde        0xe lcd_lib_2.o
                0x00000fde                LCD_WriteCom
 .text.LCD_WriteData
                0x00000fec        0xe lcd_lib_2.o
                0x00000fec                LCD_WriteData
 .text.LCD_Init
                0x00000ffa       0x64 lcd_lib_2.o
                0x00000ffa                LCD_Init
 .text.LCD_SendStr
                0x0000105e       0x26 lcd_lib_2.o
                0x0000105e                LCD_SendStr
 .text.LCD_SetUserChar
                0x00001084       0x42 lcd_lib_2.o
                0x00001084                LCD_SetUserChar
 .text.PutBut   0x000010c6       0x28 buttons.o
 .text.BUT_Check
                0x000010ee      0x108 buttons.o
 .text.BUT_GetBut
                0x000011f6       0x2a buttons.o
                0x000011f6                BUT_GetBut
 .text.BUT_Init
                0x00001220       0x6a buttons.o
                0x00001220                BUT_Init
 .text.BUT_Poll
                0x0000128a       0x26 buttons.o
                0x0000128a                BUT_Poll
 .text.USART_Init
                0x000012b0       0x6e usart.o
                0x000012b0                USART_Init
 .text.USART_PutChar
                0x0000131e       0x4c usart.o
                0x0000131e                USART_PutChar
 .text.USART_SendStr
                0x0000136a       0x26 usart.o
                0x0000136a                USART_SendStr
 .text.__vector_12
                0x00001390       0x5a usart.o
                0x00001390                __vector_12
 .text.USART_GetRxCount
                0x000013ea        0x6 usart.o
                0x000013ea                USART_GetRxCount
 .text.USART_GetChar
                0x000013f0       0x3a usart.o
                0x000013f0                USART_GetChar
 .text.__vector_11
                0x0000142a       0x5a usart.o
                0x0000142a                __vector_11
 .text.libgcc   0x00001484       0x28 c:/program files (x86)/atmel/avr tools/avr toolchain/bin/../lib/gcc/avr/4.5.1/avr4\libgcc.a(_udivmodhi4.o)
                0x00001484                __udivmodhi4
 .text.libgcc   0x000014ac       0x44 c:/program files (x86)/atmel/avr tools/avr toolchain/bin/../lib/gcc/avr/4.5.1/avr4\libgcc.a(_udivmodsi4.o)
                0x000014ac                __udivmodsi4
 .text.avr-libc
                0x000014f0       0x64 c:/program files (x86)/atmel/avr tools/avr toolchain/bin/../lib/gcc/avr/4.5.1/../../../../avr/lib/avr4\libc.a(ltoa.o)
                0x000014f0                ltoa
 .text.avr-libc
                0x00001554        0xa c:/program files (x86)/atmel/avr tools/avr toolchain/bin/../lib/gcc/avr/4.5.1/../../../../avr/lib/avr4\libc.a(eerd_dword_atmega8.o)
                0x00001554                __eerd_dword_m8
                0x00001554                __eerd_float_m8
 .text.avr-libc
                0x0000155e        0xa c:/program files (x86)/atmel/avr tools/avr toolchain/bin/../lib/gcc/avr/4.5.1/../../../../avr/lib/avr4\libc.a(eewr_dword_atmega8.o)
                0x0000155e                __eewr_float_m8
                0x0000155e                __eewr_dword_m8
 .text.avr-libc
                0x00001568        0x6 c:/program files (x86)/atmel/avr tools/avr toolchain/bin/../lib/gcc/avr/4.5.1/../../../../avr/lib/avr4\libc.a(eewr_word_atmega8.o)
                0x00001568                __eewr_word_m8
 .text.avr-libc
                0x0000156e       0x20 c:/program files (x86)/atmel/avr tools/avr toolchain/bin/../lib/gcc/avr/4.5.1/../../../../avr/lib/avr4\libc.a(strrev.o)
                0x0000156e                strrev
 .text.avr-libc
                0x0000158e       0x20 c:/program files (x86)/atmel/avr tools/avr toolchain/bin/../lib/gcc/avr/4.5.1/../../../../avr/lib/avr4\libc.a(eerd_block_atmega8.o)
                0x0000158e                __eerd_block_m8
                0x00001592                __eerd_blraw_m8
 .text.avr-libc
                0x000015ae       0x1a c:/program files (x86)/atmel/avr tools/avr toolchain/bin/../lib/gcc/avr/4.5.1/../../../../avr/lib/avr4\libc.a(eewr_byte_atmega8.o)
                0x000015ae                __eewr_byte_m8
                0x000015b0                __eewr_r18_m8
                0x000015c8                . = ALIGN (0x2)
 *(.fini9)
 .fini9         0x000015c8        0x0 c:/program files (x86)/atmel/avr tools/avr toolchain/bin/../lib/gcc/avr/4.5.1/avr4\libgcc.a(_exit.o)
                0x000015c8                _exit
                0x000015c8                exit
 *(.fini9)
 *(.fini8)
 *(.fini8)
 *(.fini7)
 *(.fini7)
 *(.fini6)
 *(.fini6)
 *(.fini5)
 *(.fini5)
 *(.fini4)
 *(.fini4)
 *(.fini3)
 *(.fini3)
 *(.fini2)
 *(.fini2)
 *(.fini1)
 *(.fini1)
 *(.fini0)
 .fini0         0x000015c8        0x4 c:/program files (x86)/atmel/avr tools/avr toolchain/bin/../lib/gcc/avr/4.5.1/avr4\libgcc.a(_exit.o)
 *(.fini0)
                0x000015cc                _etext = .

.data           0x00800060      0x2a4 load address 0x000015cc
                0x00800060                PROVIDE (__data_start, .)
 *(.data)
 .data          0x00800060      0x29f Li-ionTester.o
 *(.data*)
 .data.END_Voltage
                0x008002ff        0x2 Li-ionTester.o
                0x008002ff                END_Voltage
 .data.I_set    0x00800301        0x2 Li-ionTester.o
                0x00800301                I_set
 *(.rodata)
 *(.rodata*)
 *(.gnu.linkonce.d*)
                0x00800304                . = ALIGN (0x2)
 *fill*         0x00800303        0x1 00
                0x00800304                _edata = .
                0x00800304                PROVIDE (__data_end, .)

.bss            0x00800304       0x79
                0x00800304                PROVIDE (__bss_start, .)
 *(.bss)
 *(.bss*)
 .bss.inc       0x00800304        0x1 parser.o
                0x00800304                inc
 .bss.flag      0x00800305        0x1 parser.o
                0x00800305                flag
 .bss.seconds_timer2
                0x00800306        0x4 Li-ionTester.o
                0x00800306                seconds_timer2
 .bss.interrupt_data
                0x0080030a        0x1 Li-ionTester.o
                0x0080030a                interrupt_data
 .bss.charge_before
                0x0080030b        0x1 Li-ionTester.o
                0x0080030b                charge_before
 .bss.LastCapacity
                0x0080030c        0x4 Li-ionTester.o
                0x0080030c                LastCapacity
 .bss.minutes   0x00800310        0x4 Li-ionTester.o
                0x00800310                minutes
 .bss.Capacity  0x00800314        0x4 Li-ionTester.o
                0x00800314                Capacity
 .bss.I         0x00800318        0x4 Li-ionTester.o
                0x00800318                I
 .bss.Voltage   0x0080031c        0x4 Li-ionTester.o
                0x0080031c                Voltage
 .bss.i         0x00800320        0x1 Li-ionTester.o
                0x00800320                i
 .bss.button_event
                0x00800321        0x1 Li-ionTester.o
                0x00800321                button_event
 .bss.one_char_buffer
                0x00800322        0x1 Li-ionTester.o
                0x00800322                one_char_buffer
 .bss.dialog_id
                0x00800323        0x1 Li-ionTester.o
                0x00800323                dialog_id
 .bss.int_buffer
                0x00800324        0x2 Li-ionTester.o
                0x00800324                int_buffer
 .bss.V_        0x00800326        0x1 Li-ionTester.o
                0x00800326                V_
 .bss.value_parsed_success
                0x00800327        0x1 Li-ionTester.o
                0x00800327                value_parsed_success
 .bss.stateBut  0x00800328        0x3 buttons.o
 .bss.countHold
                0x0080032b        0x3 buttons.o
 .bss.countHoldTmp
                0x0080032e        0x1 buttons.o
 .bss.countDeb  0x0080032f        0x6 buttons.o
 .bss.countDebTmp
                0x00800335        0x2 buttons.o
 .bss.count     0x00800337        0x1 buttons.o
 .bss.head      0x00800338        0x1 buttons.o
 .bss.buf       0x00800339        0x8 buttons.o
 .bss.tail      0x00800341        0x1 buttons.o
 .bss.rxCount   0x00800342        0x1 usart.o
 .bss.rxBufTail
                0x00800343        0x1 usart.o
 .bss.usartRxBuf
                0x00800344       0x10 usart.o
 .bss.rxBufHead
                0x00800354        0x1 usart.o
 .bss.txCount   0x00800355        0x1 usart.o
 .bss.txBufHead
                0x00800356        0x1 usart.o
 .bss.usartTxBuf
                0x00800357       0x10 usart.o
 .bss.txBufTail
                0x00800367        0x1 usart.o
 *(COMMON)
 COMMON         0x00800368       0x15 parser.o
                0x00800368                argv
                0x0080036c                argc
                0x0080036d                buf
                0x0080037d                PROVIDE (__bss_end, .)
                0x000015cc                __data_load_start = LOADADDR (.data)
                0x00001870                __data_load_end = (__data_load_start + SIZEOF (.data))

.noinit         0x0080037d        0x0
                0x0080037d                PROVIDE (__noinit_start, .)
 *(.noinit*)
                0x0080037d                PROVIDE (__noinit_end, .)
                0x0080037d                _end = .
                0x0080037d                PROVIDE (__heap_start, .)

.eeprom         0x00810000        0xc
 *(.eeprom*)
 .eeprom        0x00810000        0xc Li-ionTester.o
                0x00810000                eeLastCapacity
                0x00810004                eeI
                0x00810008                eeEND_Voltage
                0x0081000c                __eeprom_end = .

.fuse
 *(.fuse)
 *(.lfuse)
 *(.hfuse)
 *(.efuse)

.lock
 *(.lock*)

.signature
 *(.signature*)

.stab           0x00000000      0xd5c
 *(.stab)
 .stab          0x00000000      0x6cc c:/program files (x86)/atmel/avr tools/avr toolchain/bin/../lib/gcc/avr/4.5.1/../../../../avr/lib/avr4/crtm8.o
 .stab          0x000006cc      0x294 c:/program files (x86)/atmel/avr tools/avr toolchain/bin/../lib/gcc/avr/4.5.1/../../../../avr/lib/avr4\libc.a(ltoa.o)
                                0x2a0 (size before relaxing)
 .stab          0x00000960       0x78 c:/program files (x86)/atmel/avr tools/avr toolchain/bin/../lib/gcc/avr/4.5.1/../../../../avr/lib/avr4\libc.a(eerd_dword_atmega8.o)
                                 0x84 (size before relaxing)
 .stab          0x000009d8       0x78 c:/program files (x86)/atmel/avr tools/avr toolchain/bin/../lib/gcc/avr/4.5.1/../../../../avr/lib/avr4\libc.a(eewr_dword_atmega8.o)
                                 0x84 (size before relaxing)
 .stab          0x00000a50       0x54 c:/program files (x86)/atmel/avr tools/avr toolchain/bin/../lib/gcc/avr/4.5.1/../../../../avr/lib/avr4\libc.a(eewr_word_atmega8.o)
                                 0x60 (size before relaxing)
 .stab          0x00000aa4       0xd8 c:/program files (x86)/atmel/avr tools/avr toolchain/bin/../lib/gcc/avr/4.5.1/../../../../avr/lib/avr4\libc.a(strrev.o)
                                 0xe4 (size before relaxing)
 .stab          0x00000b7c      0x108 c:/program files (x86)/atmel/avr tools/avr toolchain/bin/../lib/gcc/avr/4.5.1/../../../../avr/lib/avr4\libc.a(eerd_block_atmega8.o)
                                0x114 (size before relaxing)
 .stab          0x00000c84       0xd8 c:/program files (x86)/atmel/avr tools/avr toolchain/bin/../lib/gcc/avr/4.5.1/../../../../avr/lib/avr4\libc.a(eewr_byte_atmega8.o)
                                 0xe4 (size before relaxing)

.stabstr        0x00000000      0x33f
 *(.stabstr)
 .stabstr       0x00000000      0x33f c:/program files (x86)/atmel/avr tools/avr toolchain/bin/../lib/gcc/avr/4.5.1/../../../../avr/lib/avr4/crtm8.o

.stab.excl
 *(.stab.excl)

.stab.exclstr
 *(.stab.exclstr)

.stab.index
 *(.stab.index)

.stab.indexstr
 *(.stab.indexstr)

.comment
 *(.comment)

.debug
 *(.debug)

.line
 *(.line)

.debug_srcinfo
 *(.debug_srcinfo)

.debug_sfnames
 *(.debug_sfnames)

.debug_aranges  0x00000000      0x1f0
 *(.debug_aranges)
 .debug_aranges
                0x00000000       0x48 parser.o
 .debug_aranges
                0x00000048       0xa0 Li-ionTester.o
 .debug_aranges
                0x000000e8       0x58 lcd_lib_2.o
 .debug_aranges
                0x00000140       0x40 buttons.o
 .debug_aranges
                0x00000180       0x70 usart.o

.debug_pubnames
                0x00000000      0x4dd
 *(.debug_pubnames)
 .debug_pubnames
                0x00000000       0xa8 parser.o
 .debug_pubnames
                0x000000a8      0x284 Li-ionTester.o
 .debug_pubnames
                0x0000032c       0x8d lcd_lib_2.o
 .debug_pubnames
                0x000003b9       0x3b buttons.o
 .debug_pubnames
                0x000003f4       0xe9 usart.o

.debug_info     0x00000000     0x19f2
 *(.debug_info)
 .debug_info    0x00000000      0x2f5 parser.o
 .debug_info    0x000002f5      0xb55 Li-ionTester.o
 .debug_info    0x00000e4a      0x606 lcd_lib_2.o
 .debug_info    0x00001450      0x246 buttons.o
 .debug_info    0x00001696      0x35c usart.o
 *(.gnu.linkonce.wi.*)

.debug_abbrev   0x00000000      0x80d
 *(.debug_abbrev)
 .debug_abbrev  0x00000000      0x143 parser.o
 .debug_abbrev  0x00000143      0x2f7 Li-ionTester.o
 .debug_abbrev  0x0000043a      0x18a lcd_lib_2.o
 .debug_abbrev  0x000005c4      0x10e buttons.o
 .debug_abbrev  0x000006d2      0x13b usart.o

.debug_line     0x00000000     0x1d4c
 *(.debug_line)
 .debug_line    0x00000000      0x33d parser.o
 .debug_line    0x0000033d      0xd94 Li-ionTester.o
 .debug_line    0x000010d1      0x4ff lcd_lib_2.o
 .debug_line    0x000015d0      0x376 buttons.o
 .debug_line    0x00001946      0x406 usart.o

.debug_frame    0x00000000      0x340
 *(.debug_frame)
 .debug_frame   0x00000000       0x70 parser.o
 .debug_frame   0x00000070      0x120 Li-ionTester.o
 .debug_frame   0x00000190       0x90 lcd_lib_2.o
 .debug_frame   0x00000220       0x60 buttons.o
 .debug_frame   0x00000280       0xc0 usart.o

.debug_str      0x00000000      0x5db
 *(.debug_str)
 .debug_str     0x00000000      0x11a parser.o
                                0x153 (size before relaxing)
 .debug_str     0x0000011a      0x27e Li-ionTester.o
                                0x384 (size before relaxing)
 .debug_str     0x00000398       0x88 lcd_lib_2.o
                                0x1d6 (size before relaxing)
 .debug_str     0x00000420       0x9a buttons.o
                                0x15a (size before relaxing)
 .debug_str     0x000004ba      0x121 usart.o
                                0x203 (size before relaxing)

.debug_loc      0x00000000      0xdc5
 *(.debug_loc)
 .debug_loc     0x00000000      0x219 parser.o
 .debug_loc     0x00000219      0x629 Li-ionTester.o
 .debug_loc     0x00000842      0x1f4 lcd_lib_2.o
 .debug_loc     0x00000a36      0x203 buttons.o
 .debug_loc     0x00000c39      0x18c usart.o

.debug_macinfo
 *(.debug_macinfo)
OUTPUT(Li-ionTester.elf elf32-avr)
LOAD linker stubs

.debug_pubtypes
                0x00000000       0xf1
 .debug_pubtypes
                0x00000000       0x2b parser.o
 .debug_pubtypes
                0x0000002b       0x38 Li-ionTester.o
 .debug_pubtypes
                0x00000063       0x38 lcd_lib_2.o
 .debug_pubtypes
                0x0000009b       0x2b buttons.o
 .debug_pubtypes
                0x000000c6       0x2b usart.o

.debug_ranges   0x00000000      0x1b8
 .debug_ranges  0x00000000       0x38 parser.o
 .debug_ranges  0x00000038       0xa8 Li-ionTester.o
 .debug_ranges  0x000000e0       0x48 lcd_lib_2.o
 .debug_ranges  0x00000128       0x30 buttons.o
 .debug_ranges  0x00000158       0x60 usart.o
